### Result
"{\"n\":0,\"res\":[]}"
### Ran Playwright code
```js
await (async page => {
  const pages = ['/', '/servicios/plano-2d-a-3d/', '/precios/', '/contacto/', '/preguntas-frecuentes/', '/guias/cuanto-cuesta-un-render-3d/', '/casos/villa-costa-del-sol/', '/soluciones/promotoras-obra-nueva/', '/zonas/marbella/', '/en/', '/como-funciona/', '/glosario/', '/servicios/', '/soluciones/', '/guias/', '/sobre-nosotros/', '/aviso-legal/', '/servicios/realidad-aumentada-inmobiliaria/', '/gracias/', '/zonas/'];
  const widths = [320, 360, 390, 768, 1024, 1280, 1440, 1920];
  const res = [];
  for (const theme of ['light', 'dark']) {
    for (const w of widths) {
      await page.setViewportSize({ width: w, height: w < 500 ? 800 : 900 });
      for (const p of pages) {
        await page.goto('http://localhost:8913' + p, { waitUntil: 'load' });
        await page.evaluate(t => { document.documentElement.setAttribute('data-theme', t); }, theme);
        await page.waitForTimeout(150);
        const r = await page.evaluate(async () => {
          const sl = ms => new Promise(r => setTimeout(r, ms));
          const st = document.createElement('style'); st.textContent = 'section,footer{content-visibility:visible !important;contain-intrinsic-size:none !important}'; document.head.appendChild(st);
          const h = () => document.documentElement.scrollHeight;
          for (let y = 0; y < h(); y += 900) { window.scrollTo(0, y); await sl(25); }
          window.scrollTo(0, 0); await sl(150);
          const de = document.documentElement; const vw = de.clientWidth;
          const out = [];
          if (de.scrollWidth > vw) {
            for (const el of document.querySelectorAll('body *')) {
              const r = el.getBoundingClientRect();
              if (r.right > vw + 1 && r.width > 0 && r.height > 0) {
                let clipped = false;
                for (let a = el.parentElement; a && a !== document.body; a = a.parentElement) { const o = getComputedStyle(a).overflowX; if (o === 'hidden' || o === 'clip' || o === 'auto' || o === 'scroll') { clipped = true; break; } }
                if (!clipped) out.push(el.tagName.toLowerCase() + '.' + String(el.className).split(' ')[0] + ' r=' + Math.round(r.right));
              }
            }
          }
          return { sw: de.scrollWidth, vw, out: out.slice(0, 5) };
        });
        if (r.sw > r.vw) res.push({ theme, w, p, sw: r.sw, vw: r.vw, out: r.out });
      }
    }
  }
  return JSON.stringify({ n: res.length, res });
}
)(page);
```
### Page
- Page URL: http://localhost:8913/zonas/
- Page Title: Visualización 3D en remoto: Costa del Sol y España | Home View 3D
