Preview: http://localhost:8913/  (dist)
200 /
200 /
200 /assets/fonts/archivo-var.3a36e1a9.woff2
200 /assets/css/site.5148bb4b.css
200 /assets/css/p.feaf9805.css
200 /assets/js/viewer.aca166fa.js
200 /assets/hero/hero-plan-lines-1400.e30a8ee0.webp
200 /assets/js/theme.e3b7bfe7.js
200 /assets/js/main.69910e50.js
200 /assets/deco/villa-plan-lines.4e6afc48.svg
200 /assets/deco/paper-grain.fbc5bc38.png
200 /assets/img/villa_plano_lineas-480.27543283.avif
200 /assets/img/villa_planta_cenital-480.0f9a6cc3.avif
200 /assets/fonts/geist-mono-var.cb42a6c6.woff2
200 /favicon.svg
200 /assets/js/hero.723ea4fc.js
200 /assets/css/herolive.cbec3554.css
200 /assets/hero/hero-geo.89bf9737.json
200 /assets/hero/d/hero-000.e8efef85.webp
200 /assets/hero/d/hero-001.e8efef85.webp
200 /assets/hero/d/hero-002.e8efef85.webp
200 /assets/hero/d/hero-003.e8efef85.webp
200 /assets/hero/d/hero-004.e8efef85.webp
200 /assets/hero/d/hero-005.e8efef85.webp
200 /assets/hero/d/hero-006.daf02729.webp
200 /assets/hero/d/hero-007.4e2803f2.webp
200 /assets/hero/d/hero-008.43f07ac6.webp
200 /assets/hero/d/hero-009.322fa111.webp
200 /assets/hero/d/hero-010.2f488281.webp
200 /assets/hero/d/hero-011.9a54a1fc.webp
200 /assets/hero/d/hero-012.ed71368d.webp
200 /assets/hero/d/hero-013.5bdf9bce.webp
200 /assets/hero/d/hero-014.b7df1f71.webp
200 /assets/hero/d/hero-015.ad747381.webp
200 /assets/hero/d/hero-016.370a85e1.webp
200 /assets/hero/d/hero-017.222bb9ed.webp
200 /assets/hero/d/hero-018.51b8aba3.webp
200 /assets/hero/d/hero-019.a3d3d956.webp
200 /assets/hero/d/hero-020.2e055f08.webp
200 /assets/hero/d/hero-021.6a92e869.webp
200 /assets/hero/d/hero-022.068921dc.webp
200 /assets/hero/d/hero-023.2add95fb.webp
200 /assets/hero/d/hero-024.a94efa0e.webp
200 /assets/hero/d/hero-025.5ed81176.webp
200 /assets/hero/d/hero-026.13dd500f.webp
200 /assets/hero/d/hero-027.5b635a86.webp
200 /assets/hero/d/hero-028.300982ee.webp
200 /assets/hero/d/hero-029.ea1cbce5.webp
200 /assets/hero/d/hero-030.eadfd506.webp
200 /assets/hero/d/hero-031.1c9b5032.webp
200 /assets/hero/d/hero-032.121b70c8.webp
200 /assets/hero/d/hero-033.70dc282f.webp
200 /assets/hero/d/hero-034.2041496a.webp
200 /assets/hero/d/hero-035.1b6426b3.webp
200 /assets/hero/d/hero-036.4788c25a.webp
200 /assets/hero/d/hero-037.09a9b62c.webp
200 /assets/hero/d/hero-038.e37bcddf.webp
200 /assets/hero/d/hero-039.f8b515e6.webp
200 /assets/hero/d/hero-040.c18dba4e.webp
200 /assets/hero/d/hero-041.0d6fcd1a.webp
200 /assets/hero/d/hero-042.419b3ce4.webp
200 /assets/hero/d/hero-043.e6e1b84b.webp
200 /assets/hero/d/hero-044.c94a9f76.webp
200 /assets/hero/d/hero-045.2ad42b82.webp
200 /assets/hero/d/hero-046.638cdafc.webp
200 /assets/hero/d/hero-047.c692c141.webp
200 /assets/img/villa_maqueta_iso-1200.db67a2f9.avif
200 /
200 /favicon.svg
200 /
200 /favicon.svg
200 /assets/img/villa_interior_salon-1600.1b5c171b.avif
200 /assets/img/villa_interior_terraza-480.7e3230e2.avif
200 /assets/img/villa_terraza-480.11333f52.avif
200 /assets/img/villa_dormitorios-480.86fa58bd.avif
200 /assets/img/villa_despiece_1-800.1c786d49.avif
200 /assets/img/villa_despiece_2-800.45f6d048.avif
200 /assets/img/villa_despiece_3-800.12992ae9.avif
200 /assets/img/villa_viewer_poster-1200.c2d4ffbe.avif
200 /assets/img/villa_interior_dormitorio-1200.88891968.avif
200 /assets/img/villa_interior_bano-800.b35789d1.avif
200 /assets/img/villa_interior_salon-1200.b279f546.avif
200 /assets/img/villa_maqueta_iso_opaco-800.1f899447.avif
200 /assets/img/villa_muros_completos_opaco-800.96c2b9b9.avif
200 /assets/img/villa_terraza_opaco-800.c2798366.avif
200 /assets/img/villa_interior_terraza-1600.d7e3b4b2.avif
200 /assets/img/villa_interior_dormitorio-480.4227ed44.avif
200 /assets/deco/villa-axo-exploded.770054f8.svg
200 /assets/deco/villa-section-long.0a80cb9d.svg
200 /assets/css/viewerlive.8718b391.css
200 /lib/model-viewer/model-viewer.min.dc6f07fb.js
200 /lib/model-viewer/meshopt_decoder.8d8cceda.js
200 /servicios/plano-2d-a-3d/
200 /assets/css/p.aeedce07.css
200 /assets/img/villa_maqueta_iso-800.860cde10.avif
200 /assets/deco/villa-iso-lines.d3c89883.svg
200 /assets/img/villa_salon_dormitorio-480.0112f827.avif
200 /favicon.svg
200 /assets/img/villa_interior_dormitorio-1600.19d04c9d.avif
200 /precios/
200 /assets/css/p.568fc327.css
200 /assets/deco/villa-section.5d6ecaba.svg
200 /favicon.svg
200 /assets/img/villa_muros_completos-480.22b46e15.avif
200 /contacto/
200 /assets/css/p.830a59ab.css
200 /assets/img/villa_interior_salon-480.38a7e186.avif
200 /favicon.svg
200 /preguntas-frecuentes/
200 /assets/css/p.10330687.css
200 /favicon.svg
200 /guias/cuanto-cuesta-un-render-3d/
200 /assets/css/p.f182da14.css
200 /assets/img/villa_salon_dormitorio-800.45a469fa.avif
200 /favicon.svg
200 /casos/villa-costa-del-sol/
200 /assets/css/p.6629fea8.css
200 /assets/img/villa_viewer_poster-800.9d8ff4de.avif
200 /assets/video/villa-turntable-poster.495fa771.webp
200 /favicon.svg
200 /assets/img/villa_interior_terraza-800.5e690a80.avif
200 /assets/img/villa_dormitorios-800.251dd608.avif
200 /assets/img/villa_bano_suite-800.715bc2e6.avif
200 /assets/img/villa_terraza-800.970f158c.avif
200 /assets/img/villa_muros_completos-800.a820803a.avif
200 /assets/img/villa_maqueta_iso-480.da6a3528.webp
200 /assets/img/qr-ar-villa-es.250f86dd.svg
200 /assets/img/villa_salon_dormitorio-480.7c8179f6.webp
200 /embed/villa/
200 /assets/css/p.6286f4fd.css
200 /
200 /assets/fonts/archivo-var.3a36e1a9.woff2
200 /assets/css/site.5148bb4b.css
200 /assets/css/p.feaf9805.css
200 /assets/js/viewer.aca166fa.js
200 /assets/hero/hero-plan-lines-1400.e30a8ee0.webp
200 /assets/js/theme.e3b7bfe7.js
200 /assets/js/main.69910e50.js
200 /assets/deco/villa-plan-lines.4e6afc48.svg
200 /assets/deco/paper-grain.fbc5bc38.png
200 /assets/fonts/geist-mono-var.cb42a6c6.woff2
200 /assets/img/villa_plano_lineas-480.27543283.avif
200 /assets/img/villa_planta_cenital-480.0f9a6cc3.avif
200 /favicon.svg
200 /soluciones/promotoras-obra-nueva/
200 /assets/css/p.14af8afb.css
200 /favicon.svg
200 /assets/deco/villa-axo-exploded.770054f8.svg
200 /assets/deco/villa-section-long.0a80cb9d.svg
200 /assets/js/hero.723ea4fc.js
200 /assets/css/herolive.cbec3554.css
200 /assets/hero/hero-geo.89bf9737.json
200 /assets/hero/d/hero-000.e8efef85.webp
200 /assets/hero/d/hero-001.e8efef85.webp
200 /assets/hero/d/hero-002.e8efef85.webp
200 /assets/hero/d/hero-003.e8efef85.webp
200 /assets/hero/d/hero-004.e8efef85.webp
200 /assets/hero/d/hero-005.e8efef85.webp
200 /assets/hero/d/hero-006.daf02729.webp
200 /assets/hero/d/hero-007.4e2803f2.webp
200 /assets/hero/d/hero-008.43f07ac6.webp
200 /assets/hero/d/hero-009.322fa111.webp
200 /assets/hero/d/hero-010.2f488281.webp
200 /assets/hero/d/hero-011.9a54a1fc.webp
200 /assets/hero/d/hero-012.ed71368d.webp
200 /assets/hero/d/hero-013.5bdf9bce.webp
200 /assets/hero/d/hero-014.b7df1f71.webp
200 /assets/hero/d/hero-015.ad747381.webp
200 /assets/hero/d/hero-016.370a85e1.webp
200 /assets/hero/d/hero-017.222bb9ed.webp
200 /assets/hero/d/hero-018.51b8aba3.webp
200 /assets/hero/d/hero-019.a3d3d956.webp
200 /assets/hero/d/hero-020.2e055f08.webp
200 /assets/hero/d/hero-021.6a92e869.webp
200 /assets/hero/d/hero-022.068921dc.webp
200 /assets/hero/d/hero-023.2add95fb.webp
200 /assets/hero/d/hero-024.a94efa0e.webp
200 /assets/hero/d/hero-025.5ed81176.webp
200 /assets/hero/d/hero-026.13dd500f.webp
200 /assets/hero/d/hero-027.5b635a86.webp
200 /assets/hero/d/hero-028.300982ee.webp
200 /assets/hero/d/hero-029.ea1cbce5.webp
200 /assets/hero/d/hero-030.eadfd506.webp
200 /assets/hero/d/hero-031.1c9b5032.webp
200 /assets/hero/d/hero-032.121b70c8.webp
200 /assets/hero/d/hero-033.70dc282f.webp
200 /assets/hero/d/hero-034.2041496a.webp
200 /assets/hero/d/hero-035.1b6426b3.webp
200 /assets/hero/d/hero-036.4788c25a.webp
200 /assets/hero/d/hero-037.09a9b62c.webp
200 /assets/hero/d/hero-038.e37bcddf.webp
200 /assets/hero/d/hero-039.f8b515e6.webp
200 /assets/hero/d/hero-040.c18dba4e.webp
200 /assets/hero/d/hero-041.0d6fcd1a.webp
200 /assets/hero/d/hero-042.419b3ce4.webp
200 /assets/hero/d/hero-043.e6e1b84b.webp
200 /assets/hero/d/hero-044.c94a9f76.webp
200 /assets/hero/d/hero-045.2ad42b82.webp
200 /assets/hero/d/hero-046.638cdafc.webp
200 /assets/hero/d/hero-047.c692c141.webp
200 /assets/img/villa_maqueta_iso-1200.db67a2f9.avif
200 /assets/img/villa_interior_salon-1600.1b5c171b.avif
200 /assets/img/villa_maqueta_iso-800.860cde10.avif
200 /assets/img/villa_interior_terraza-480.7e3230e2.avif
200 /assets/img/villa_terraza-480.11333f52.avif
200 /assets/img/villa_despiece_1-800.1c786d49.avif
200 /assets/img/villa_dormitorios-480.86fa58bd.avif
200 /assets/img/villa_despiece_2-800.45f6d048.avif
200 /assets/img/villa_despiece_3-800.12992ae9.avif
200 /assets/img/villa_viewer_poster-1200.c2d4ffbe.avif
200 /assets/img/villa_interior_dormitorio-1200.88891968.avif
200 /assets/img/villa_interior_bano-800.b35789d1.avif
200 /assets/img/villa_interior_salon-1200.b279f546.avif
200 /assets/img/villa_maqueta_iso_opaco-800.1f899447.avif
200 /assets/img/villa_muros_completos_opaco-800.96c2b9b9.avif
200 /assets/img/villa_terraza_opaco-800.c2798366.avif
200 /assets/img/villa_interior_terraza-1600.d7e3b4b2.avif
200 /assets/img/villa_interior_dormitorio-480.4227ed44.avif
200 /assets/img/villa_terraza_opaco-1600.fb5e8baf.avif
200 /assets/css/viewerlive.8718b391.css
200 /lib/model-viewer/model-viewer.min.dc6f07fb.js
200 /lib/model-viewer/meshopt_decoder.8d8cceda.js
200 /zonas/marbella/
200 /assets/css/p.ae142417.css
200 /favicon.svg
200 /
200 /favicon.svg
200 /assets/img/villa_viewer_poster_mobile-480.8d6c6cb3.avif
200 /
200 /assets/hero/hero-plan-lines-700.59593016.webp
200 /favicon.svg
200 /assets/hero/m/hero-000.f6889a9e.webp
200 /assets/hero/m/hero-001.f6889a9e.webp
200 /assets/hero/m/hero-002.f6889a9e.webp
200 /assets/hero/m/hero-003.f6889a9e.webp
200 /assets/hero/m/hero-004.f6889a9e.webp
200 /assets/hero/m/hero-005.f6889a9e.webp
200 /assets/hero/m/hero-006.b74e223f.webp
200 /assets/hero/m/hero-007.5ed45dd7.webp
200 /assets/hero/m/hero-008.fb4bfe5e.webp
200 /assets/hero/m/hero-009.7a7bf51b.webp
200 /assets/hero/m/hero-010.909f24d7.webp
200 /assets/hero/m/hero-011.c078c1cb.webp
200 /assets/hero/m/hero-012.f591ea0c.webp
200 /assets/hero/m/hero-013.42aad892.webp
200 /assets/hero/m/hero-014.934d1fbe.webp
200 /assets/hero/m/hero-015.a8350ccc.webp
200 /assets/hero/m/hero-016.aeaae61a.webp
200 /assets/hero/m/hero-017.b4224c3d.webp
200 /assets/hero/m/hero-018.7fa95fff.webp
200 /assets/hero/m/hero-019.d8d010b6.webp
200 /assets/hero/m/hero-020.6519779d.webp
200 /assets/hero/m/hero-021.0caab137.webp
200 /assets/hero/m/hero-022.8ad5a77b.webp
200 /assets/hero/m/hero-023.6329e065.webp
200 /assets/hero/m/hero-024.34f14ae1.webp
200 /assets/hero/m/hero-025.d98ac313.webp
200 /assets/hero/m/hero-026.0c255382.webp
200 /assets/hero/m/hero-027.4adb5fb2.webp
200 /assets/hero/m/hero-028.700d9c8a.webp
200 /assets/hero/m/hero-029.04bc93cd.webp
200 /assets/hero/m/hero-030.12de48a2.webp
200 /assets/hero/m/hero-031.d1b8658d.webp
200 /assets/hero/m/hero-032.a0fea4fe.webp
200 /assets/hero/m/hero-033.e96f79d7.webp
200 /assets/hero/m/hero-034.960e8f0b.webp
200 /assets/hero/m/hero-035.c03d6fa2.webp
200 /assets/hero/m/hero-036.476f4c65.webp
200 /assets/hero/m/hero-037.faaa87c3.webp
200 /assets/hero/m/hero-038.e78e1b8c.webp
200 /assets/hero/m/hero-039.d56a8eb8.webp
200 /assets/hero/m/hero-040.fe7dcf0a.webp
200 /assets/hero/m/hero-041.2ba0211a.webp
200 /assets/hero/m/hero-042.86a512ab.webp
200 /assets/hero/m/hero-043.c6107f1d.webp
200 /assets/hero/m/hero-044.d110e096.webp
200 /assets/hero/m/hero-045.e33e87ec.webp
200 /assets/hero/m/hero-046.f0e68c4b.webp
200 /assets/hero/m/hero-047.21eb1669.webp
200 /assets/img/villa_maqueta_iso-480.a3fdbe44.avif
200 /assets/img/villa_despiece_1-480.634c7948.avif
200 /assets/img/villa_despiece_2-480.912754f3.avif
200 /assets/img/villa_despiece_3-480.50640225.avif
200 /assets/img/villa_interior_bano-480.3d977430.avif
200 /assets/img/villa_muros_completos_opaco-480.f01b34b6.avif
200 /assets/img/villa_terraza_opaco-480.a751c8eb.avif
200 /assets/img/villa_maqueta_iso_opaco-480.8499b071.avif
200 /servicios/plano-2d-a-3d/
200 /assets/css/p.aeedce07.css
200 /assets/deco/villa-iso-lines.d3c89883.svg
200 /assets/img/villa_salon_dormitorio-480.0112f827.avif
200 /favicon.svg
200 /
200 /assets/fonts/archivo-var.3a36e1a9.woff2
200 /assets/css/site.5148bb4b.css
200 /assets/css/p.feaf9805.css
200 /assets/js/viewer.aca166fa.js
200 /assets/hero/hero-plan-lines-1400.e30a8ee0.webp
200 /assets/js/theme.e3b7bfe7.js
200 /assets/js/main.69910e50.js
200 /assets/deco/villa-plan-lines.4e6afc48.svg
200 /assets/deco/paper-grain.fbc5bc38.png
200 /assets/fonts/geist-mono-var.cb42a6c6.woff2
200 /assets/img/villa_plano_lineas-480.27543283.avif
200 /assets/img/villa_planta_cenital-480.0f9a6cc3.avif
200 /favicon.svg
200 /assets/js/hero.723ea4fc.js
200 /assets/css/herolive.cbec3554.css
200 /assets/hero/hero-geo.89bf9737.json
200 /assets/hero/d/hero-000.e8efef85.webp
200 /assets/hero/d/hero-001.e8efef85.webp
200 /assets/hero/d/hero-002.e8efef85.webp
200 /assets/hero/d/hero-003.e8efef85.webp
200 /assets/hero/d/hero-004.e8efef85.webp
200 /assets/hero/d/hero-005.e8efef85.webp
200 /assets/hero/d/hero-006.daf02729.webp
200 /assets/hero/d/hero-007.4e2803f2.webp
200 /assets/hero/d/hero-008.43f07ac6.webp
200 /assets/hero/d/hero-009.322fa111.webp
200 /assets/hero/d/hero-010.2f488281.webp
200 /assets/hero/d/hero-011.9a54a1fc.webp
200 /assets/hero/d/hero-012.ed71368d.webp
200 /assets/hero/d/hero-013.5bdf9bce.webp
200 /assets/hero/d/hero-014.b7df1f71.webp
200 /assets/hero/d/hero-015.ad747381.webp
200 /assets/hero/d/hero-016.370a85e1.webp
200 /assets/hero/d/hero-017.222bb9ed.webp
200 /assets/hero/d/hero-018.51b8aba3.webp
200 /assets/hero/d/hero-019.a3d3d956.webp
200 /assets/hero/d/hero-020.2e055f08.webp
200 /assets/hero/d/hero-021.6a92e869.webp
200 /assets/hero/d/hero-022.068921dc.webp
200 /assets/hero/d/hero-023.2add95fb.webp
200 /assets/hero/d/hero-024.a94efa0e.webp
200 /assets/hero/d/hero-025.5ed81176.webp
200 /assets/hero/d/hero-026.13dd500f.webp
200 /assets/hero/d/hero-027.5b635a86.webp
200 /assets/hero/d/hero-028.300982ee.webp
200 /assets/hero/d/hero-029.ea1cbce5.webp
200 /assets/hero/d/hero-030.eadfd506.webp
200 /assets/hero/d/hero-031.1c9b5032.webp
200 /assets/hero/d/hero-032.121b70c8.webp
200 /assets/hero/d/hero-033.70dc282f.webp
200 /assets/hero/d/hero-034.2041496a.webp
200 /assets/hero/d/hero-035.1b6426b3.webp
200 /assets/hero/d/hero-036.4788c25a.webp
200 /assets/hero/d/hero-037.09a9b62c.webp
200 /assets/hero/d/hero-038.e37bcddf.webp
200 /assets/hero/d/hero-039.f8b515e6.webp
200 /assets/hero/d/hero-040.c18dba4e.webp
200 /assets/hero/d/hero-041.0d6fcd1a.webp
200 /assets/hero/d/hero-042.419b3ce4.webp
200 /assets/hero/d/hero-043.e6e1b84b.webp
200 /assets/hero/d/hero-044.c94a9f76.webp
200 /assets/hero/d/hero-045.2ad42b82.webp
200 /assets/hero/d/hero-046.638cdafc.webp
200 /assets/hero/d/hero-047.c692c141.webp
200 /assets/img/villa_maqueta_iso-1200.db67a2f9.avif
200 /assets/img/villa_interior_dormitorio-1600.19d04c9d.avif
200 /servicios/plano-2d-a-3d/
200 /favicon.svg
200 /assets/img/villa_interior_dormitorio-800.c17eb98c.avif
200 /precios/
200 /assets/css/p.568fc327.css
200 /assets/deco/villa-section.5d6ecaba.svg
200 /favicon.svg
200 /assets/img/villa_muros_completos-480.22b46e15.avif
200 /precios/
200 /favicon.svg
200 /contacto/
200 /assets/css/p.830a59ab.css
200 /assets/img/villa_interior_salon-480.38a7e186.avif
200 /favicon.svg
200 /contacto/
200 /favicon.svg
200 /preguntas-frecuentes/
200 /assets/css/p.10330687.css
200 /favicon.svg
200 /
200 /assets/hero/hero-plan-lines-700.59593016.webp
200 /favicon.svg
200 /assets/hero/m/hero-000.f6889a9e.webp
200 /assets/hero/m/hero-001.f6889a9e.webp
200 /assets/hero/m/hero-002.f6889a9e.webp
200 /assets/hero/m/hero-003.f6889a9e.webp
200 /assets/hero/m/hero-004.f6889a9e.webp
200 /assets/hero/m/hero-005.f6889a9e.webp
200 /assets/hero/m/hero-006.b74e223f.webp
200 /assets/hero/m/hero-007.5ed45dd7.webp
200 /assets/hero/m/hero-008.fb4bfe5e.webp
200 /assets/hero/m/hero-009.7a7bf51b.webp
200 /assets/hero/m/hero-010.909f24d7.webp
200 /assets/hero/m/hero-011.c078c1cb.webp
200 /assets/hero/m/hero-012.f591ea0c.webp
200 /assets/hero/m/hero-013.42aad892.webp
200 /assets/hero/m/hero-014.934d1fbe.webp
200 /assets/hero/m/hero-015.a8350ccc.webp
200 /assets/hero/m/hero-016.aeaae61a.webp
200 /assets/hero/m/hero-017.b4224c3d.webp
200 /assets/hero/m/hero-018.7fa95fff.webp
200 /assets/hero/m/hero-019.d8d010b6.webp
200 /assets/hero/m/hero-020.6519779d.webp
200 /assets/hero/m/hero-021.0caab137.webp
200 /assets/hero/m/hero-022.8ad5a77b.webp
200 /assets/hero/m/hero-023.6329e065.webp
200 /assets/hero/m/hero-024.34f14ae1.webp
200 /assets/hero/m/hero-025.d98ac313.webp
200 /assets/hero/m/hero-026.0c255382.webp
200 /assets/hero/m/hero-027.4adb5fb2.webp
200 /assets/hero/m/hero-028.700d9c8a.webp
200 /assets/hero/m/hero-029.04bc93cd.webp
200 /assets/hero/m/hero-030.12de48a2.webp
200 /assets/hero/m/hero-031.d1b8658d.webp
200 /assets/hero/m/hero-032.a0fea4fe.webp
200 /assets/hero/m/hero-033.e96f79d7.webp
200 /assets/hero/m/hero-034.960e8f0b.webp
200 /assets/hero/m/hero-035.c03d6fa2.webp
200 /assets/hero/m/hero-036.476f4c65.webp
200 /assets/hero/m/hero-037.faaa87c3.webp
200 /assets/hero/m/hero-038.e78e1b8c.webp
200 /assets/hero/m/hero-039.d56a8eb8.webp
200 /assets/hero/m/hero-040.fe7dcf0a.webp
200 /assets/hero/m/hero-041.2ba0211a.webp
200 /assets/hero/m/hero-042.86a512ab.webp
200 /assets/hero/m/hero-043.c6107f1d.webp
200 /assets/hero/m/hero-044.d110e096.webp
200 /assets/hero/m/hero-045.e33e87ec.webp
200 /assets/hero/m/hero-046.f0e68c4b.webp
200 /assets/deco/villa-axo-exploded.770054f8.svg
200 /assets/deco/villa-section-long.0a80cb9d.svg
200 /assets/hero/m/hero-047.21eb1669.webp
200 /assets/img/villa_interior_salon-480.38a7e186.avif
200 /assets/img/villa_interior_terraza-480.7e3230e2.avif
200 /assets/img/villa_terraza-480.11333f52.avif
200 /assets/img/villa_dormitorios-480.86fa58bd.avif
200 /assets/img/villa_despiece_1-480.634c7948.avif
200 /assets/img/villa_despiece_2-480.912754f3.avif
200 /assets/img/villa_despiece_3-480.50640225.avif
200 /assets/img/villa_viewer_poster_mobile-480.8d6c6cb3.avif
200 /assets/img/villa_interior_dormitorio-480.4227ed44.avif
200 /assets/img/villa_interior_bano-480.3d977430.avif
200 /assets/img/villa_maqueta_iso_opaco-480.8499b071.avif
200 /assets/img/villa_muros_completos_opaco-480.f01b34b6.avif
200 /assets/img/villa_terraza_opaco-480.a751c8eb.avif
200 /assets/img/villa_interior_terraza-800.5e690a80.avif
200 /servicios/plano-2d-a-3d/
200 /assets/css/p.aeedce07.css
200 /assets/img/villa_maqueta_iso-480.a3fdbe44.avif
200 /favicon.svg
200 /assets/img/villa_salon_dormitorio-480.0112f827.avif
200 /assets/img/villa_interior_dormitorio-800.c17eb98c.avif
200 /precios/
200 /assets/css/p.568fc327.css
200 /favicon.svg
200 /assets/img/villa_muros_completos-480.22b46e15.avif
200 /contacto/
200 /assets/css/p.830a59ab.css
200 /favicon.svg
200 /preguntas-frecuentes/
200 /preguntas-frecuentes/
200 /favicon.svg
200 /assets/css/p.10330687.css
200 /favicon.svg
200 /assets/img/villa_interior_salon-800.2651ae9a.avif
200 /guias/cuanto-cuesta-un-render-3d/
200 /assets/css/p.f182da14.css
200 /favicon.svg
200 /casos/villa-costa-del-sol/
200 /assets/css/p.6629fea8.css
200 /assets/video/villa-turntable-poster.495fa771.webp
200 /favicon.svg
200 /assets/img/villa_bano_suite-480.298630b1.avif
200 /embed/villa/
200 /assets/css/p.6286f4fd.css
200 /assets/img/villa_viewer_poster-480.7bb1c2b1.avif
200 /guias/cuanto-cuesta-un-render-3d/
200 /assets/img/qr-ar-villa-es.250f86dd.svg
200 /assets/css/p.f182da14.css
200 /assets/img/villa_salon_dormitorio-800.45a469fa.avif
200 /favicon.svg
200 /soluciones/promotoras-obra-nueva/
200 /assets/css/p.14af8afb.css
200 /favicon.svg
200 /assets/img/villa_terraza_opaco-800.c2798366.avif
200 /zonas/marbella/
200 /assets/css/p.ae142417.css
200 /favicon.svg
200 /en/
200 /favicon.svg
200 /como-funciona/
200 /assets/css/p.c7693bdd.css
200 /favicon.svg
200 /glosario/
200 /assets/css/p.aae24fec.css
200 /favicon.svg
200 /servicios/
200 /assets/css/p.c30045a3.css
200 /assets/img/villa_salon_dormitorio_opaco-480.a5ad0b19.avif
200 /favicon.svg
200 /assets/img/villa_dormitorios_opaco-480.b567521c.avif
200 /assets/img/villa_bano_suite_opaco-480.7ef526f4.avif
200 /soluciones/
200 /assets/css/p.4c44065a.css
200 /favicon.svg
200 /guias/
200 /assets/css/p.6c554d2c.css
200 /favicon.svg
200 /sobre-nosotros/
200 /assets/css/p.673e88d2.css
200 /favicon.svg
200 /guias/cuanto-cuesta-un-render-3d/
200 /favicon.svg
200 /aviso-legal/
200 /assets/css/p.7948c001.css
200 /favicon.svg
200 /servicios/realidad-aumentada-inmobiliaria/
200 /assets/css/p.141a21f5.css
200 /favicon.svg
200 /gracias/
200 /assets/css/p.8c68bccb.css
200 /favicon.svg
200 /casos/villa-costa-del-sol/
200 /assets/css/p.6629fea8.css
200 /assets/img/villa_viewer_poster-800.9d8ff4de.avif
200 /assets/video/villa-turntable-poster.495fa771.webp
200 /favicon.svg
200 /zonas/
200 /assets/css/p.56b58711.css
200 /favicon.svg
200 /
200 /favicon.svg
200 /servicios/plano-2d-a-3d/
200 /favicon.svg
200 /precios/
200 /favicon.svg
200 /assets/img/villa_interior_terraza-800.5e690a80.avif
200 /assets/img/villa_dormitorios-800.251dd608.avif
200 /assets/img/villa_bano_suite-800.715bc2e6.avif
200 /assets/img/villa_terraza-800.970f158c.avif
200 /assets/img/villa_muros_completos-800.a820803a.avif
200 /assets/img/villa_maqueta_iso-480.da6a3528.webp
200 /assets/img/villa_salon_dormitorio-480.7c8179f6.webp
200 /assets/img/qr-ar-villa-es.250f86dd.svg
200 /contacto/
200 /favicon.svg
200 /preguntas-frecuentes/
200 /favicon.svg
200 /embed/villa/
200 /assets/css/p.6286f4fd.css
200 /guias/cuanto-cuesta-un-render-3d/
200 /favicon.svg
200 /casos/villa-costa-del-sol/
200 /favicon.svg
200 /embed/villa/
200 /soluciones/promotoras-obra-nueva/
200 /favicon.svg
200 /zonas/marbella/
200 /favicon.svg
200 /casos/villa-costa-del-sol/
200 /en/
200 /favicon.svg
200 /favicon.svg
200 /como-funciona/
200 /favicon.svg
200 /glosario/
200 /favicon.svg
200 /servicios/
200 /favicon.svg
200 /soluciones/
200 /favicon.svg
200 /soluciones/promotoras-obra-nueva/
200 /assets/css/p.14af8afb.css
200 /favicon.svg
200 /assets/img/villa_bano_suite-480.298630b1.avif
200 /guias/
200 /favicon.svg
200 /sobre-nosotros/
200 /favicon.svg
200 /embed/villa/
200 /assets/img/villa_viewer_poster-480.7bb1c2b1.avif
200 /aviso-legal/
200 /favicon.svg
200 /servicios/realidad-aumentada-inmobiliaria/
200 /favicon.svg
200 /assets/img/villa_terraza_opaco-1600.fb5e8baf.avif
200 /gracias/
200 /favicon.svg
200 /zonas/
200 /favicon.svg
200 /
200 /favicon.svg
200 /servicios/plano-2d-a-3d/
200 /favicon.svg
200 /precios/
200 /favicon.svg
200 /contacto/
200 /favicon.svg
200 /preguntas-frecuentes/
200 /favicon.svg
200 /soluciones/promotoras-obra-nueva/
200 /favicon.svg
200 /guias/cuanto-cuesta-un-render-3d/
200 /favicon.svg
200 /casos/villa-costa-del-sol/
200 /favicon.svg
200 /embed/villa/
200 /soluciones/promotoras-obra-nueva/
200 /favicon.svg
200 /zonas/marbella/
200 /assets/css/p.ae142417.css
200 /favicon.svg
200 /zonas/marbella/
200 /favicon.svg
200 /en/
200 /favicon.svg
200 /como-funciona/
200 /favicon.svg
200 /glosario/
200 /favicon.svg
200 /servicios/
200 /favicon.svg
200 /soluciones/
200 /favicon.svg
200 /guias/
200 /favicon.svg
200 /sobre-nosotros/
200 /favicon.svg
200 /aviso-legal/
200 /favicon.svg
200 /servicios/realidad-aumentada-inmobiliaria/
200 /favicon.svg
200 /zonas/marbella/
200 /favicon.svg
200 /gracias/
200 /favicon.svg
200 /zonas/
200 /favicon.svg
200 /assets/img/villa_salon_dormitorio_opaco-800.f9620328.avif
200 /
200 /en/
200 /favicon.svg
200 /favicon.svg
200 /assets/img/villa_plano_lineas-800.cf41aefb.avif
200 /assets/img/villa_planta_cenital-800.ba5451dd.avif
200 /assets/img/villa_maqueta_iso-800.860cde10.avif
200 /assets/img/villa_despiece_1-800.1c786d49.avif
200 /assets/img/villa_despiece_2-800.45f6d048.avif
200 /assets/img/villa_despiece_3-800.12992ae9.avif
200 /assets/img/villa_viewer_poster-800.9d8ff4de.avif
200 /assets/img/villa_maqueta_iso_opaco-800.1f899447.avif
200 /assets/img/villa_muros_completos_opaco-800.96c2b9b9.avif
200 /servicios/plano-2d-a-3d/
200 /favicon.svg
200 /assets/img/villa_salon_dormitorio-800.45a469fa.avif
200 /precios/
200 /favicon.svg
200 /assets/img/villa_muros_completos-800.a820803a.avif
200 /contacto/
200 /favicon.svg
200 /assets/img/villa_interior_salon-800.2651ae9a.avif
200 /preguntas-frecuentes/
200 /favicon.svg
200 /guias/cuanto-cuesta-un-render-3d/
200 /favicon.svg
200 /casos/villa-costa-del-sol/
200 /favicon.svg
200 /assets/img/villa_interior_bano-800.b35789d1.avif
200 /assets/img/villa_dormitorios-800.251dd608.avif
200 /assets/img/villa_bano_suite-800.715bc2e6.avif
200 /assets/img/villa_terraza-800.970f158c.avif
200 /embed/villa/
200 /soluciones/promotoras-obra-nueva/
200 /favicon.svg
200 /zonas/marbella/
200 /favicon.svg
200 /en/
200 /favicon.svg
200 /como-funciona/
200 /favicon.svg
200 /glosario/
200 /favicon.svg
200 /
200 /favicon.svg
200 /servicios/
200 /assets/img/villa_dormitorios_opaco-800.3228cd78.avif
200 /favicon.svg
200 /assets/img/villa_bano_suite_opaco-800.604aadc9.avif
200 /soluciones/
200 /favicon.svg
200 /guias/
200 /favicon.svg
200 /sobre-nosotros/
200 /favicon.svg
200 /aviso-legal/
200 /como-funciona/
200 /favicon.svg
200 /assets/css/p.c7693bdd.css
200 /favicon.svg
200 /servicios/realidad-aumentada-inmobiliaria/
200 /favicon.svg
200 /gracias/
200 /favicon.svg
200 /zonas/
200 /favicon.svg
200 /assets/deco/villa-iso-lines.d3c89883.svg
200 /assets/img/villa_interior_salon-1200.b279f546.avif
200 /
200 /favicon.svg
200 /assets/css/viewerlive.8718b391.css
200 /lib/model-viewer/model-viewer.min.dc6f07fb.js
200 /assets/img/villa_interior_terraza-1200.0e2e6370.avif
200 /lib/model-viewer/meshopt_decoder.8d8cceda.js
200 /servicios/plano-2d-a-3d/
200 /favicon.svg
200 /assets/img/villa_muros_completos_opaco-1600.b7bfbe09.avif
200 /assets/img/villa_interior_dormitorio-1200.88891968.avif
200 /precios/
200 /assets/deco/villa-section.5d6ecaba.svg
200 /favicon.svg
200 /contacto/
200 /favicon.svg
200 /preguntas-frecuentes/
200 /favicon.svg
200 /guias/cuanto-cuesta-un-render-3d/
200 /favicon.svg
200 /casos/villa-costa-del-sol/
200 /favicon.svg
200 /embed/villa/
200 /soluciones/promotoras-obra-nueva/
200 /favicon.svg
200 /assets/img/villa_terraza_opaco-1200.f8485c15.avif
200 /zonas/marbella/
200 /favicon.svg
200 /en/
200 /favicon.svg
200 /como-funciona/
200 /favicon.svg
200 /assets/img/villa_muros_completos_opaco-1200.3ffad6da.avif
200 /glosario/
200 /favicon.svg
200 /servicios/plano-2d-a-3d/
200 /favicon.svg
200 /glosario/
200 /assets/css/p.aae24fec.css
200 /favicon.svg
200 /servicios/
200 /favicon.svg
200 /soluciones/
200 /favicon.svg
200 /guias/
200 /favicon.svg
200 /sobre-nosotros/
200 /favicon.svg
200 /aviso-legal/
200 /favicon.svg
200 /servicios/realidad-aumentada-inmobiliaria/
200 /favicon.svg
200 /gracias/
200 /favicon.svg
200 /zonas/
200 /favicon.svg
200 /assets/img/villa_interior_salon-1600.1b5c171b.avif
200 /
200 /favicon.svg
200 /assets/img/villa_viewer_poster-1200.c2d4ffbe.avif
200 /assets/img/villa_interior_terraza-1600.d7e3b4b2.avif
200 /servicios/plano-2d-a-3d/
200 /favicon.svg
200 /assets/img/villa_interior_dormitorio-1600.19d04c9d.avif
200 /precios/
200 /favicon.svg
200 /contacto/
200 /favicon.svg
200 /preguntas-frecuentes/
200 /favicon.svg
200 /guias/cuanto-cuesta-un-render-3d/
200 /favicon.svg
200 /casos/villa-costa-del-sol/
200 /favicon.svg
200 /
200 /assets/hero/hero-plan-lines-700.59593016.webp
200 /embed/villa/
200 /favicon.svg
200 /assets/hero/m/hero-000.f6889a9e.webp
200 /assets/hero/m/hero-001.f6889a9e.webp
200 /assets/hero/m/hero-002.f6889a9e.webp
200 /assets/hero/m/hero-003.f6889a9e.webp
200 /assets/hero/m/hero-004.f6889a9e.webp
200 /assets/hero/m/hero-005.f6889a9e.webp
200 /assets/hero/m/hero-006.b74e223f.webp
200 /assets/hero/m/hero-007.5ed45dd7.webp
200 /assets/hero/m/hero-008.fb4bfe5e.webp
200 /assets/hero/m/hero-009.7a7bf51b.webp
200 /assets/hero/m/hero-010.909f24d7.webp
200 /assets/hero/m/hero-011.c078c1cb.webp
200 /assets/hero/m/hero-012.f591ea0c.webp
200 /assets/hero/m/hero-013.42aad892.webp
200 /assets/hero/m/hero-014.934d1fbe.webp
200 /assets/hero/m/hero-015.a8350ccc.webp
200 /assets/hero/m/hero-016.aeaae61a.webp
200 /assets/hero/m/hero-017.b4224c3d.webp
200 /assets/hero/m/hero-018.7fa95fff.webp
200 /assets/hero/m/hero-019.d8d010b6.webp
200 /assets/hero/m/hero-020.6519779d.webp
200 /assets/hero/m/hero-021.0caab137.webp
200 /assets/hero/m/hero-022.8ad5a77b.webp
200 /assets/hero/m/hero-023.6329e065.webp
200 /assets/hero/m/hero-024.34f14ae1.webp
200 /assets/hero/m/hero-025.d98ac313.webp
200 /assets/hero/m/hero-026.0c255382.webp
200 /assets/hero/m/hero-027.4adb5fb2.webp
200 /assets/hero/m/hero-028.700d9c8a.webp
200 /assets/hero/m/hero-029.04bc93cd.webp
200 /assets/hero/m/hero-030.12de48a2.webp
200 /assets/hero/m/hero-031.d1b8658d.webp
200 /assets/hero/m/hero-032.a0fea4fe.webp
200 /assets/hero/m/hero-033.e96f79d7.webp
200 /assets/hero/m/hero-034.960e8f0b.webp
200 /assets/hero/m/hero-035.c03d6fa2.webp
200 /assets/hero/m/hero-036.476f4c65.webp
200 /assets/hero/m/hero-037.faaa87c3.webp
200 /assets/hero/m/hero-038.e78e1b8c.webp
200 /assets/hero/m/hero-039.d56a8eb8.webp
200 /assets/hero/m/hero-040.fe7dcf0a.webp
200 /assets/hero/m/hero-041.2ba0211a.webp
200 /assets/hero/m/hero-042.86a512ab.webp
200 /assets/hero/m/hero-043.c6107f1d.webp
200 /assets/hero/m/hero-044.d110e096.webp
200 /assets/hero/m/hero-045.e33e87ec.webp
200 /assets/hero/m/hero-046.f0e68c4b.webp
200 /assets/hero/m/hero-047.21eb1669.webp
200 /soluciones/promotoras-obra-nueva/
200 /favicon.svg
200 /assets/img/villa_terraza_opaco-1600.fb5e8baf.avif
200 /zonas/marbella/
200 /favicon.svg
200 /en/
200 /favicon.svg
200 /como-funciona/
200 /favicon.svg
200 /assets/img/villa_muros_completos_opaco-1600.b7bfbe09.avif
200 /assets/img/villa_maqueta_iso-480.a3fdbe44.avif
200 /assets/img/villa_despiece_1-480.634c7948.avif
200 /assets/img/villa_despiece_2-480.912754f3.avif
200 /assets/img/villa_despiece_3-480.50640225.avif
200 /assets/img/villa_interior_bano-480.3d977430.avif
200 /assets/img/villa_viewer_poster_mobile-480.8d6c6cb3.avif
200 /assets/img/villa_maqueta_iso_opaco-480.8499b071.avif
200 /assets/img/villa_muros_completos_opaco-480.f01b34b6.avif
200 /assets/img/villa_terraza_opaco-480.a751c8eb.avif
200 /glosario/
200 /precios/
200 /favicon.svg
200 /favicon.svg
200 /servicios/
200 /favicon.svg
200 /soluciones/
200 /favicon.svg
200 /guias/
200 /favicon.svg
200 /sobre-nosotros/
200 /favicon.svg
200 /aviso-legal/
200 /favicon.svg
200 /servicios/realidad-aumentada-inmobiliaria/
200 /favicon.svg
200 /gracias/
200 /favicon.svg
200 /zonas/
200 /favicon.svg
200 /
200 /favicon.svg
200 /servicios/plano-2d-a-3d/
200 /favicon.svg
200 /precios/
200 /favicon.svg
200 /servicios/plano-2d-a-3d/
200 /favicon.svg
200 /contacto/
200 /favicon.svg
200 /preguntas-frecuentes/
200 /favicon.svg
200 /guias/cuanto-cuesta-un-render-3d/
200 /favicon.svg
200 /casos/villa-costa-del-sol/
200 /favicon.svg
200 /embed/villa/
200 /soluciones/promotoras-obra-nueva/
200 /favicon.svg
200 /zonas/marbella/
200 /favicon.svg
200 /en/
200 /favicon.svg
200 /contacto/
200 /favicon.svg
200 /como-funciona/
200 /favicon.svg
200 /glosario/
200 /favicon.svg
200 /servicios/
200 /assets/img/villa_salon_dormitorio_opaco-1200.6a5209bd.avif
200 /favicon.svg
200 /soluciones/
200 /favicon.svg
200 /guias/
200 /favicon.svg
200 /sobre-nosotros/
200 /favicon.svg
200 /aviso-legal/
200 /favicon.svg
200 /servicios/realidad-aumentada-inmobiliaria/
200 /favicon.svg
200 /precios/
200 /favicon.svg
200 /gracias/
200 /favicon.svg
200 /zonas/
200 /favicon.svg
200 /assets/img/villa_interior_salon-2400.aee60655.avif
200 /
200 /favicon.svg
200 /assets/img/villa_interior_bano-1200.232ed8e6.avif
200 /assets/img/villa_interior_terraza-2400.86e3ed57.avif
200 /servicios/plano-2d-a-3d/
200 /favicon.svg
200 /assets/img/villa_interior_dormitorio-2400.c529648b.avif
200 /precios/
200 /favicon.svg
200 /contacto/
200 /favicon.svg
200 /preguntas-frecuentes/
200 /favicon.svg
200 /preguntas-frecuentes/
200 /favicon.svg
200 /guias/cuanto-cuesta-un-render-3d/
200 /favicon.svg
200 /casos/villa-costa-del-sol/
200 /favicon.svg
200 /embed/villa/
200 /soluciones/promotoras-obra-nueva/
200 /favicon.svg
200 /assets/img/villa_terraza_opaco-2400.15af5d6c.avif
200 /zonas/marbella/
200 /favicon.svg
200 /en/
200 /favicon.svg
200 /como-funciona/
200 /favicon.svg
200 /assets/img/villa_muros_completos_opaco-2400.11a4e9ba.avif
200 /glosario/
200 /favicon.svg
200 /servicios/
200 /favicon.svg
200 /soluciones/
200 /favicon.svg
200 /guias/
200 /favicon.svg
200 /contacto/
200 /favicon.svg
200 /sobre-nosotros/
200 /favicon.svg
200 /aviso-legal/
200 /favicon.svg
200 /servicios/realidad-aumentada-inmobiliaria/
200 /favicon.svg
200 /gracias/
200 /guias/cuanto-cuesta-un-render-3d/
200 /favicon.svg
200 /favicon.svg
200 /zonas/
200 /favicon.svg
200 /
200 /favicon.svg
200 /servicios/plano-2d-a-3d/
200 /favicon.svg
200 /precios/
200 /favicon.svg
200 /contacto/
200 /favicon.svg
200 /preguntas-frecuentes/
200 /favicon.svg
200 /preguntas-frecuentes/
200 /favicon.svg
200 /guias/cuanto-cuesta-un-render-3d/
200 /favicon.svg
200 /casos/villa-costa-del-sol/
200 /favicon.svg
200 /embed/villa/
200 /soluciones/promotoras-obra-nueva/
200 /favicon.svg
200 /zonas/marbella/
200 /favicon.svg
200 /en/
200 /favicon.svg
200 /como-funciona/
200 /favicon.svg
200 /casos/villa-costa-del-sol/
200 /favicon.svg
200 /glosario/
200 /favicon.svg
200 /servicios/
200 /favicon.svg
200 /soluciones/
200 /favicon.svg
200 /guias/
200 /favicon.svg
200 /sobre-nosotros/
200 /favicon.svg
200 /guias/cuanto-cuesta-un-render-3d/
200 /favicon.svg
200 /aviso-legal/
200 /favicon.svg
200 /servicios/realidad-aumentada-inmobiliaria/
200 /favicon.svg
200 /embed/villa/
200 /gracias/
200 /favicon.svg
200 /zonas/
200 /favicon.svg
200 /
200 /favicon.svg
200 /servicios/plano-2d-a-3d/
200 /favicon.svg
200 /precios/
200 /favicon.svg
200 /contacto/
200 /favicon.svg
200 /preguntas-frecuentes/
200 /favicon.svg
200 /guias/cuanto-cuesta-un-render-3d/
200 /favicon.svg
200 /casos/villa-costa-del-sol/
200 /favicon.svg
200 /embed/villa/
200 /soluciones/promotoras-obra-nueva/
200 /favicon.svg
200 /zonas/marbella/
200 /favicon.svg
200 /casos/villa-costa-del-sol/
200 /favicon.svg
200 /soluciones/promotoras-obra-nueva/
200 /favicon.svg
200 /en/
200 /favicon.svg
200 /como-funciona/
200 /favicon.svg
200 /glosario/
200 /favicon.svg
200 /assets/img/villa_bano_suite-480.298630b1.avif
200 /servicios/
200 /favicon.svg
200 /soluciones/
200 /favicon.svg
200 /guias/
200 /favicon.svg
200 /embed/villa/
200 /assets/img/villa_viewer_poster-480.7bb1c2b1.avif
200 /sobre-nosotros/
200 /favicon.svg
200 /aviso-legal/
200 /favicon.svg
200 /servicios/realidad-aumentada-inmobiliaria/
200 /favicon.svg
200 /gracias/
200 /favicon.svg
200 /zonas/
200 /favicon.svg
200 /
200 /favicon.svg
200 /servicios/plano-2d-a-3d/
200 /favicon.svg
200 /precios/
200 /favicon.svg
200 /soluciones/promotoras-obra-nueva/
200 /favicon.svg
200 /contacto/
200 /favicon.svg
200 /preguntas-frecuentes/
200 /favicon.svg
200 /zonas/marbella/
200 /favicon.svg
200 /guias/cuanto-cuesta-un-render-3d/
200 /favicon.svg
200 /casos/villa-costa-del-sol/
200 /favicon.svg
200 /embed/villa/
200 /soluciones/promotoras-obra-nueva/
200 /favicon.svg
200 /zonas/marbella/
200 /favicon.svg
200 /en/
200 /favicon.svg
200 /como-funciona/
200 /favicon.svg
200 /glosario/
200 /favicon.svg
200 /servicios/
200 /favicon.svg
200 /soluciones/
200 /favicon.svg
200 /guias/
200 /favicon.svg
200 /zonas/marbella/
200 /favicon.svg
200 /sobre-nosotros/
200 /favicon.svg
200 /aviso-legal/
200 /favicon.svg
200 /servicios/realidad-aumentada-inmobiliaria/
200 /favicon.svg
200 /
200 /favicon.svg
200 /gracias/
200 /favicon.svg
200 /zonas/
200 /favicon.svg
200 /assets/img/villa_interior_salon-800.2651ae9a.avif
200 /
200 /favicon.svg
200 /servicios/plano-2d-a-3d/
200 /favicon.svg
200 /precios/
200 /favicon.svg
200 /contacto/
200 /favicon.svg
200 /preguntas-frecuentes/
200 /favicon.svg
200 /guias/cuanto-cuesta-un-render-3d/
200 /favicon.svg
200 /casos/villa-costa-del-sol/
200 /favicon.svg
200 /embed/villa/
200 /soluciones/promotoras-obra-nueva/
200 /favicon.svg
200 /en/
200 /favicon.svg
200 /zonas/marbella/
200 /favicon.svg
200 /en/
200 /favicon.svg
200 /como-funciona/
200 /favicon.svg
200 /glosario/
200 /favicon.svg
200 /servicios/
200 /favicon.svg
200 /soluciones/
200 /favicon.svg
200 /guias/
200 /favicon.svg
200 /servicios/plano-2d-a-3d/
200 /favicon.svg
200 /sobre-nosotros/
200 /favicon.svg
200 /aviso-legal/
200 /favicon.svg
200 /servicios/realidad-aumentada-inmobiliaria/
200 /favicon.svg
200 /gracias/
200 /favicon.svg
200 /zonas/
200 /favicon.svg
200 /
200 /favicon.svg
200 /servicios/plano-2d-a-3d/
200 /favicon.svg
200 /precios/
200 /favicon.svg
200 /contacto/
200 /favicon.svg
200 /como-funciona/
200 /favicon.svg
200 /preguntas-frecuentes/
200 /favicon.svg
200 /guias/cuanto-cuesta-un-render-3d/
200 /favicon.svg
200 /casos/villa-costa-del-sol/
200 /favicon.svg
200 /embed/villa/
200 /soluciones/promotoras-obra-nueva/
200 /favicon.svg
200 /zonas/marbella/
200 /favicon.svg
200 /en/
200 /favicon.svg
200 /como-funciona/
200 /favicon.svg
200 /glosario/
200 /favicon.svg
200 /precios/
200 /favicon.svg
200 /servicios/
200 /favicon.svg
200 /soluciones/
200 /favicon.svg
200 /guias/
200 /favicon.svg
200 /sobre-nosotros/
200 /favicon.svg
200 /aviso-legal/
200 /favicon.svg
200 /servicios/realidad-aumentada-inmobiliaria/
200 /favicon.svg
200 /gracias/
200 /glosario/
200 /favicon.svg
200 /favicon.svg
200 /zonas/
200 /favicon.svg
200 /
200 /favicon.svg
200 /servicios/plano-2d-a-3d/
200 /favicon.svg
200 /precios/
200 /favicon.svg
200 /assets/img/villa_interior_dormitorio-800.c17eb98c.avif
200 /contacto/
200 /favicon.svg
200 /preguntas-frecuentes/
200 /favicon.svg
200 /guias/cuanto-cuesta-un-render-3d/
200 /favicon.svg
200 /casos/villa-costa-del-sol/
200 /favicon.svg
200 /embed/villa/
200 /soluciones/promotoras-obra-nueva/
200 /favicon.svg
200 /zonas/marbella/
200 /favicon.svg
200 /en/
200 /contacto/
200 /favicon.svg
200 /favicon.svg
200 /como-funciona/
200 /favicon.svg
200 /glosario/
200 /favicon.svg
200 /servicios/
200 /favicon.svg
200 /soluciones/
200 /
200 /favicon.svg
200 /favicon.svg
200 /guias/
200 /favicon.svg
200 /sobre-nosotros/
200 /favicon.svg
200 /aviso-legal/
200 /favicon.svg
200 /servicios/realidad-aumentada-inmobiliaria/
200 /favicon.svg
200 /gracias/
200 /favicon.svg
200 /zonas/
200 /favicon.svg
200 /
200 /favicon.svg
200 /servicios/plano-2d-a-3d/
200 /favicon.svg
200 /precios/
200 /favicon.svg
200 /preguntas-frecuentes/
200 /favicon.svg
200 /contacto/
200 /favicon.svg
200 /preguntas-frecuentes/
200 /favicon.svg
200 /guias/cuanto-cuesta-un-render-3d/
200 /favicon.svg
200 /casos/villa-costa-del-sol/
200 /favicon.svg
200 /embed/villa/
200 /soluciones/promotoras-obra-nueva/
200 /favicon.svg
200 /zonas/marbella/
200 /favicon.svg
200 /en/
200 /favicon.svg
200 /como-funciona/
200 /favicon.svg
200 /servicios/plano-2d-a-3d/
200 /favicon.svg
200 /glosario/
200 /favicon.svg
200 /servicios/
200 /favicon.svg
200 /soluciones/
200 /favicon.svg
200 /guias/
200 /favicon.svg
200 /sobre-nosotros/
200 /favicon.svg
200 /aviso-legal/
200 /guias/cuanto-cuesta-un-render-3d/
200 /favicon.svg
200 /favicon.svg
200 /servicios/realidad-aumentada-inmobiliaria/
200 /favicon.svg
200 /gracias/
200 /favicon.svg
200 /zonas/
200 /favicon.svg
200 /
200 /favicon.svg
200 /servicios/plano-2d-a-3d/
200 /favicon.svg
200 /precios/
200 /favicon.svg
200 /contacto/
200 /favicon.svg
200 /preguntas-frecuentes/
200 /favicon.svg
200 /guias/cuanto-cuesta-un-render-3d/
200 /favicon.svg
200 /casos/villa-costa-del-sol/
200 /favicon.svg
200 /embed/villa/
200 /precios/
200 /favicon.svg
200 /soluciones/promotoras-obra-nueva/
200 /favicon.svg
200 /zonas/marbella/
200 /favicon.svg
200 /en/
200 /favicon.svg
200 /como-funciona/
200 /favicon.svg
200 /glosario/
200 /favicon.svg
200 /casos/villa-costa-del-sol/
200 /favicon.svg
200 /servicios/
200 /favicon.svg
200 /soluciones/
200 /favicon.svg
200 /guias/
200 /favicon.svg
200 /sobre-nosotros/
200 /favicon.svg
200 /aviso-legal/
200 /favicon.svg
200 /servicios/realidad-aumentada-inmobiliaria/
200 /favicon.svg
200 /gracias/
200 /favicon.svg
200 /zonas/
200 /favicon.svg
200 /embed/villa/
200 /contacto/
200 /favicon.svg
200 /soluciones/promotoras-obra-nueva/
200 /favicon.svg
200 /preguntas-frecuentes/
200 /favicon.svg
200 /
200 /favicon.svg
200 /servicios/plano-2d-a-3d/
200 /favicon.svg
200 /zonas/marbella/
200 /favicon.svg
200 /precios/
200 /favicon.svg
200 /contacto/
200 /favicon.svg
200 /preguntas-frecuentes/
200 /favicon.svg
200 /guias/cuanto-cuesta-un-render-3d/
200 /favicon.svg
200 /guias/cuanto-cuesta-un-render-3d/
200 /favicon.svg
200 /casos/villa-costa-del-sol/
200 /favicon.svg
200 /embed/villa/
200 /soluciones/promotoras-obra-nueva/
200 /favicon.svg
200 /zonas/marbella/
200 /favicon.svg
200 /en/
200 /favicon.svg
200 /como-funciona/
200 /favicon.svg
200 /glosario/
200 /favicon.svg
200 /servicios/
200 /favicon.svg
200 /aviso-legal/
200 /favicon.svg
200 /
200 /favicon.svg
200 /servicios/plano-2d-a-3d/
200 /favicon.svg
200 /casos/villa-costa-del-sol/
200 /favicon.svg
200 /precios/
200 /favicon.svg
200 /contacto/
200 /favicon.svg
200 /preguntas-frecuentes/
200 /favicon.svg
200 /guias/cuanto-cuesta-un-render-3d/
200 /favicon.svg
200 /casos/villa-costa-del-sol/
200 /favicon.svg
200 /embed/villa/
200 /embed/villa/
200 /soluciones/promotoras-obra-nueva/
200 /favicon.svg
200 /zonas/marbella/
200 /favicon.svg
200 /en/
200 /favicon.svg
200 /como-funciona/
200 /favicon.svg
200 /glosario/
200 /favicon.svg
200 /servicios/
200 /favicon.svg
200 /aviso-legal/
200 /favicon.svg
200 /
200 /favicon.svg
200 /servicios/plano-2d-a-3d/
200 /favicon.svg
200 /soluciones/promotoras-obra-nueva/
200 /favicon.svg
200 /precios/
200 /favicon.svg
200 /contacto/
200 /favicon.svg
200 /preguntas-frecuentes/
200 /favicon.svg
200 /guias/cuanto-cuesta-un-render-3d/
200 /favicon.svg
200 /casos/villa-costa-del-sol/
200 /favicon.svg
200 /embed/villa/
200 /soluciones/promotoras-obra-nueva/
200 /favicon.svg
200 /zonas/marbella/
200 /favicon.svg
200 /en/
200 /favicon.svg
200 /como-funciona/
200 /favicon.svg
200 /glosario/
200 /favicon.svg
200 /servicios/
200 /favicon.svg
200 /aviso-legal/
200 /favicon.svg
200 /zonas/marbella/
200 /favicon.svg
200 /en/
200 /favicon.svg
200 /como-funciona/
200 /favicon.svg
200 /glosario/
200 /favicon.svg
200 /
200 /favicon.svg
200 /servicios/plano-2d-a-3d/
200 /favicon.svg
200 /precios/
200 /favicon.svg
200 /contacto/
200 /favicon.svg
200 /preguntas-frecuentes/
200 /favicon.svg
200 /guias/cuanto-cuesta-un-render-3d/
200 /favicon.svg
200 /casos/villa-costa-del-sol/
200 /favicon.svg
200 /embed/villa/
200 /
200 /favicon.svg
200 /soluciones/promotoras-obra-nueva/
200 /favicon.svg
200 /zonas/marbella/
200 /favicon.svg
200 /en/
200 /favicon.svg
200 /como-funciona/
200 /favicon.svg
200 /
200 /favicon.svg
200 /
200 /favicon.svg
200 /glosario/
200 /favicon.svg
200 /
200 /favicon.svg
200 /
200 /favicon.svg
200 /
200 /assets/css/site.5148bb4b.css
200 /assets/fonts/archivo-var.3a36e1a9.woff2
200 /assets/css/p.feaf9805.css
200 /assets/js/viewer.aca166fa.js
200 /assets/hero/hero-plan-lines-700.59593016.webp
200 /site.webmanifest
200 /assets/js/theme.e3b7bfe7.js
200 /assets/js/main.69910e50.js
200 /assets/deco/paper-grain.fbc5bc38.png
200 /assets/fonts/geist-mono-var.cb42a6c6.woff2
200 /assets/img/villa_plano_lineas-800.cf41aefb.avif
200 /assets/img/villa_planta_cenital-800.ba5451dd.avif
200 /favicon.svg
200 /assets/js/hero.723ea4fc.js
200 /assets/css/herolive.cbec3554.css
200 /assets/hero/hero-geo.89bf9737.json
200 /assets/hero/m/hero-000.f6889a9e.webp
200 /assets/hero/m/hero-001.f6889a9e.webp
200 /assets/hero/m/hero-002.f6889a9e.webp
200 /assets/hero/m/hero-003.f6889a9e.webp
200 /assets/hero/m/hero-004.f6889a9e.webp
200 /assets/hero/m/hero-005.f6889a9e.webp
200 /assets/hero/m/hero-006.b74e223f.webp
200 /assets/hero/m/hero-007.5ed45dd7.webp
200 /assets/hero/m/hero-008.fb4bfe5e.webp
200 /assets/hero/m/hero-009.7a7bf51b.webp
200 /assets/hero/m/hero-010.909f24d7.webp
200 /assets/hero/m/hero-011.c078c1cb.webp
200 /assets/hero/m/hero-012.f591ea0c.webp
200 /assets/hero/m/hero-013.42aad892.webp
200 /assets/hero/m/hero-014.934d1fbe.webp
200 /assets/hero/m/hero-015.a8350ccc.webp
200 /assets/hero/m/hero-016.aeaae61a.webp
200 /assets/hero/m/hero-017.b4224c3d.webp
200 /assets/hero/m/hero-018.7fa95fff.webp
200 /assets/hero/m/hero-019.d8d010b6.webp
200 /assets/hero/m/hero-020.6519779d.webp
200 /assets/hero/m/hero-021.0caab137.webp
200 /assets/hero/m/hero-022.8ad5a77b.webp
200 /assets/hero/m/hero-023.6329e065.webp
200 /assets/hero/m/hero-024.34f14ae1.webp
200 /assets/hero/m/hero-025.d98ac313.webp
200 /assets/hero/m/hero-026.0c255382.webp
200 /assets/hero/m/hero-027.4adb5fb2.webp
200 /assets/hero/m/hero-028.700d9c8a.webp
200 /assets/hero/m/hero-029.04bc93cd.webp
200 /assets/hero/m/hero-030.12de48a2.webp
200 /assets/hero/m/hero-031.d1b8658d.webp
200 /assets/hero/m/hero-032.a0fea4fe.webp
200 /assets/hero/m/hero-033.e96f79d7.webp
200 /assets/hero/m/hero-034.960e8f0b.webp
200 /assets/hero/m/hero-035.c03d6fa2.webp
200 /assets/hero/m/hero-036.476f4c65.webp
200 /assets/hero/m/hero-037.faaa87c3.webp
200 /assets/hero/m/hero-038.e78e1b8c.webp
200 /assets/hero/m/hero-039.d56a8eb8.webp
200 /assets/hero/m/hero-040.fe7dcf0a.webp
200 /assets/hero/m/hero-041.2ba0211a.webp
200 /assets/hero/m/hero-042.86a512ab.webp
200 /assets/hero/m/hero-043.c6107f1d.webp
200 /assets/hero/m/hero-044.d110e096.webp
200 /assets/hero/m/hero-045.e33e87ec.webp
200 /assets/hero/m/hero-046.f0e68c4b.webp
200 /assets/hero/m/hero-047.21eb1669.webp
200 /assets/img/villa_maqueta_iso-800.860cde10.avif
200 /assets/deco/villa-axo-exploded.770054f8.svg
200 /assets/deco/villa-section-long.0a80cb9d.svg
200 /robots.txt
200 /assets/img/villa_interior_salon-480.38a7e186.avif
200 /assets/img/villa_interior_terraza-480.7e3230e2.avif
200 /assets/img/villa_terraza-480.11333f52.avif
200 /assets/img/villa_dormitorios-480.86fa58bd.avif
200 /assets/img/villa_despiece_1-480.634c7948.avif
200 /assets/img/villa_despiece_2-480.912754f3.avif
200 /assets/img/villa_despiece_3-480.50640225.avif
200 /assets/img/villa_viewer_poster_mobile-480.8d6c6cb3.avif
200 /assets/img/villa_interior_dormitorio-480.4227ed44.avif
200 /assets/img/villa_interior_bano-480.3d977430.avif
200 /assets/img/villa_maqueta_iso_opaco-480.8499b071.avif
200 /assets/img/villa_muros_completos_opaco-480.f01b34b6.avif
200 /assets/img/villa_terraza_opaco-480.a751c8eb.avif
200 /assets/img/villa_interior_terraza-800.5e690a80.avif
200 /assets/img/villa_interior_salon-800.2651ae9a.avif
200 /assets/img/villa_terraza-800.970f158c.avif
200 /assets/img/villa_dormitorios-800.251dd608.avif
200 /assets/img/villa_despiece_1-800.1c786d49.avif
200 /assets/img/villa_despiece_2-800.45f6d048.avif
200 /assets/img/villa_despiece_3-800.12992ae9.avif
200 /assets/img/villa_viewer_poster_mobile-800.ea543b38.avif
200 /assets/img/villa_interior_dormitorio-800.c17eb98c.avif
200 /assets/img/villa_interior_bano-800.b35789d1.avif
200 /assets/img/villa_maqueta_iso_opaco-800.1f899447.avif
200 /assets/img/villa_muros_completos_opaco-800.96c2b9b9.avif
200 /assets/img/villa_terraza_opaco-800.c2798366.avif
200 /assets/img/villa_viewer_poster-800.9d8ff4de.avif
200 /
200 /assets/fonts/archivo-var.3a36e1a9.woff2
200 /assets/css/site.5148bb4b.css
200 /assets/css/p.feaf9805.css
200 /assets/js/viewer.aca166fa.js
200 /assets/hero/hero-plan-lines-700.59593016.webp
200 /site.webmanifest
200 /assets/js/theme.e3b7bfe7.js
200 /assets/js/main.69910e50.js
200 /assets/deco/paper-grain.fbc5bc38.png
200 /assets/fonts/geist-mono-var.cb42a6c6.woff2
200 /assets/img/villa_plano_lineas-800.cf41aefb.avif
200 /assets/img/villa_planta_cenital-800.ba5451dd.avif
200 /favicon.svg
200 /assets/js/hero.723ea4fc.js
200 /assets/css/herolive.cbec3554.css
200 /assets/hero/hero-geo.89bf9737.json
200 /assets/hero/m/hero-000.f6889a9e.webp
200 /assets/hero/m/hero-001.f6889a9e.webp
200 /assets/hero/m/hero-002.f6889a9e.webp
200 /assets/hero/m/hero-003.f6889a9e.webp
200 /assets/hero/m/hero-004.f6889a9e.webp
200 /assets/hero/m/hero-005.f6889a9e.webp
200 /assets/hero/m/hero-006.b74e223f.webp
200 /assets/hero/m/hero-007.5ed45dd7.webp
200 /assets/hero/m/hero-008.fb4bfe5e.webp
200 /assets/hero/m/hero-009.7a7bf51b.webp
200 /assets/hero/m/hero-010.909f24d7.webp
200 /assets/hero/m/hero-011.c078c1cb.webp
200 /assets/hero/m/hero-012.f591ea0c.webp
200 /assets/hero/m/hero-013.42aad892.webp
200 /assets/hero/m/hero-014.934d1fbe.webp
200 /assets/hero/m/hero-015.a8350ccc.webp
200 /assets/hero/m/hero-016.aeaae61a.webp
200 /assets/hero/m/hero-017.b4224c3d.webp
200 /assets/hero/m/hero-018.7fa95fff.webp
200 /assets/hero/m/hero-019.d8d010b6.webp
200 /assets/hero/m/hero-020.6519779d.webp
200 /assets/hero/m/hero-021.0caab137.webp
200 /assets/hero/m/hero-022.8ad5a77b.webp
200 /assets/hero/m/hero-023.6329e065.webp
200 /assets/hero/m/hero-024.34f14ae1.webp
200 /assets/hero/m/hero-025.d98ac313.webp
200 /assets/hero/m/hero-026.0c255382.webp
200 /assets/hero/m/hero-027.4adb5fb2.webp
200 /assets/hero/m/hero-028.700d9c8a.webp
200 /assets/hero/m/hero-029.04bc93cd.webp
200 /assets/hero/m/hero-030.12de48a2.webp
200 /assets/hero/m/hero-031.d1b8658d.webp
200 /assets/hero/m/hero-032.a0fea4fe.webp
200 /assets/hero/m/hero-033.e96f79d7.webp
200 /assets/hero/m/hero-034.960e8f0b.webp
200 /assets/hero/m/hero-035.c03d6fa2.webp
200 /assets/hero/m/hero-036.476f4c65.webp
200 /assets/hero/m/hero-037.faaa87c3.webp
200 /assets/hero/m/hero-038.e78e1b8c.webp
200 /assets/hero/m/hero-039.d56a8eb8.webp
200 /assets/hero/m/hero-040.fe7dcf0a.webp
200 /assets/hero/m/hero-041.2ba0211a.webp
200 /assets/hero/m/hero-042.86a512ab.webp
200 /assets/hero/m/hero-043.c6107f1d.webp
200 /assets/hero/m/hero-044.d110e096.webp
200 /assets/hero/m/hero-045.e33e87ec.webp
200 /assets/hero/m/hero-046.f0e68c4b.webp
200 /assets/hero/m/hero-047.21eb1669.webp
200 /assets/img/villa_maqueta_iso-800.860cde10.avif
200 /assets/deco/villa-axo-exploded.770054f8.svg
200 /assets/deco/villa-section-long.0a80cb9d.svg
200 /servicios/plano-2d-a-3d/
200 /assets/fonts/archivo-var.3a36e1a9.woff2
200 /assets/css/site.5148bb4b.css
200 /assets/css/p.aeedce07.css
200 /assets/img/villa_maqueta_iso-800.860cde10.avif
200 /site.webmanifest
200 /assets/js/theme.e3b7bfe7.js
200 /assets/js/main.69910e50.js
200 /assets/deco/paper-grain.fbc5bc38.png
200 /assets/fonts/geist-mono-var.cb42a6c6.woff2
200 /assets/img/villa_salon_dormitorio-800.45a469fa.avif
200 /favicon.svg
200 /assets/deco/villa-section-long.0a80cb9d.svg
200 /robots.txt
200 /assets/img/villa_plano_lineas-480.27543283.avif
200 /assets/img/villa_planta_cenital-480.0f9a6cc3.avif
200 /assets/img/villa_interior_salon-480.38a7e186.avif
200 /assets/img/villa_interior_terraza-480.7e3230e2.avif
200 /assets/img/villa_interior_terraza-800.5e690a80.avif
200 /assets/img/villa_interior_dormitorio-800.c17eb98c.avif
200 /assets/img/villa_plano_lineas-800.cf41aefb.avif
200 /assets/img/villa_planta_cenital-800.ba5451dd.avif
200 /assets/img/villa_interior_salon-800.2651ae9a.avif
200 /
200 /favicon.svg
200 /404.html
200 /favicon.svg
200 /ar/villa/
200 /assets/css/ar.1a0961e1.css
200 /favicon.svg
200 /aviso-legal/
200 /favicon.svg
200 /casos/villa-costa-del-sol/
200 /favicon.svg
200 /embed/villa/
200 /como-funciona/
200 /favicon.svg
200 /contacto/
200 /favicon.svg
200 /embed/villa/
200 /assets/img/villa_viewer_poster-1600.063f055b.avif
200 /favicon.svg
200 /en/
200 /favicon.svg
200 /en/3d-rendering-marbella/
200 /favicon.svg
200 /en/404.html
200 /favicon.svg
200 /en/about/
200 /favicon.svg
200 /en/ar/villa/
200 /assets/img/qr-ar-villa-en.0d1b6b61.svg
200 /favicon.svg
200 /en/augmented-reality-real-estate/
200 /favicon.svg
200 /en/case-studies/costa-del-sol-villa/
200 /favicon.svg
200 /en/embed/villa/
200 /en/contact/
200 /favicon.svg
200 /en/cookie-policy/
200 /assets/css/p.29af43ba.css
200 /favicon.svg
200 /en/embed/villa/
200 /favicon.svg
200 /en/faq/
200 /favicon.svg
200 /en/floor-plan-to-3d-model/
200 /favicon.svg
200 /en/for-estate-agents/
200 /assets/css/p.ed063301.css
200 /favicon.svg
200 /en/glossary/
200 /favicon.svg
200 /en/guides/
200 /favicon.svg
200 /en/guides/3d-floor-plan-cost-spain/
200 /favicon.svg
200 /assets/img/villa_maqueta_iso-1600.985e64da.avif
200 /en/guides/3d-model-vs-matterport/
200 /assets/css/p.467756a0.css
200 /favicon.svg
200 /assets/img/villa_salon_dormitorio_opaco-1600.d3c8601f.avif
200 /en/guides/3d-rendering-cost-spain/
200 /favicon.svg
200 /en/guides/ai-floor-plan-to-3d/
200 /favicon.svg
200 /en/guides/best-3d-visualisation-studios-spain/
200 /favicon.svg
200 /en/guides/view-property-in-ar/
200 /assets/css/p.818a7bab.css
200 /favicon.svg
200 /en/how-it-works/
200 /favicon.svg
200 /en/interactive-3d-floor-plans/
200 /assets/css/p.4b0789ca.css
200 /favicon.svg
200 /en/embed/villa/
200 /en/legal-notice/
200 /favicon.svg
200 /en/off-plan-3d-visualisation/
200 /favicon.svg
200 /en/pricing/
200 /favicon.svg
200 /en/privacy-policy/
200 /favicon.svg
200 /en/real-estate-3d-rendering/
200 /assets/css/p.875dcfb5.css
200 /favicon.svg
200 /assets/img/villa_dormitorios_opaco-1200.d09eb05e.avif
200 /en/services/
200 /favicon.svg
200 /en/thanks/
200 /favicon.svg
200 /en/virtual-staging/
200 /favicon.svg
200 /assets/img/villa_dormitorios_opaco-1600.4d4245cf.avif
200 /assets/img/villa_interior_bano-1600.10f0219d.avif
200 /glosario/
200 /favicon.svg
200 /gracias/
200 /favicon.svg
200 /guias/
200 /favicon.svg
200 /guias/como-convertir-un-plano-2d-en-3d/
200 /assets/css/p.4fd8a5bb.css
200 /favicon.svg
200 /assets/img/villa_maqueta_iso_opaco-1600.f5b1d947.avif
200 /guias/como-vender-viviendas-sobre-plano/
200 /favicon.svg
200 /assets/img/villa_dormitorios-1600.f4d8f1b6.avif
200 /guias/cuanto-cuesta-un-plano-3d/
200 /favicon.svg
200 /guias/cuanto-cuesta-un-render-3d/
200 /favicon.svg
200 /guias/ia-o-modelo-3d-real/
200 /favicon.svg
200 /guias/mejores-estudios-visualizacion-3d-espana/
200 /favicon.svg
200 /guias/modelo-3d-vs-matterport/
200 /favicon.svg
200 /guias/ver-una-vivienda-en-realidad-aumentada/
200 /favicon.svg
200 /politica-de-cookies/
200 /favicon.svg
200 /politica-de-privacidad/
200 /favicon.svg
200 /precios/
200 /favicon.svg
200 /preguntas-frecuentes/
200 /favicon.svg
200 /servicios/
200 /favicon.svg
200 /servicios/home-staging-virtual/
200 /favicon.svg
200 /servicios/plano-2d-a-3d/
200 /favicon.svg
200 /servicios/realidad-aumentada-inmobiliaria/
200 /favicon.svg
200 /servicios/renders-inmobiliarios/
200 /favicon.svg
200 /servicios/tour-virtual-3d/
200 /favicon.svg
200 /embed/villa/
200 /sobre-nosotros/
200 /favicon.svg
200 /soluciones/
200 /favicon.svg
200 /soluciones/alquiler-vacacional/
200 /assets/css/p.c1100b74.css
200 /favicon.svg
200 /assets/img/villa_planta_cenital-1600.aa243dd9.avif
200 /soluciones/arquitectos-interioristas/
200 /favicon.svg
200 /soluciones/inmobiliarias/
200 /favicon.svg
200 /soluciones/promotoras-obra-nueva/
200 /favicon.svg
200 /zonas/
200 /favicon.svg
200 /zonas/costa-del-sol/
200 /assets/css/p.5ae20688.css
200 /favicon.svg
200 /zonas/malaga/
200 /assets/css/p.dba69036.css
200 /favicon.svg
200 /zonas/marbella/
200 /favicon.svg
200 /
200 /favicon.svg
200 /404.html
200 /favicon.svg
200 /ar/villa/
200 /favicon.svg
200 /aviso-legal/
200 /favicon.svg
200 /casos/villa-costa-del-sol/
200 /favicon.svg
200 /embed/villa/
200 /como-funciona/
200 /favicon.svg
200 /contacto/
200 /favicon.svg
200 /embed/villa/
200 /favicon.svg
200 /en/
200 /favicon.svg
200 /en/3d-rendering-marbella/
200 /favicon.svg
200 /en/404.html
200 /favicon.svg
200 /en/about/
200 /favicon.svg
200 /en/ar/villa/
200 /favicon.svg
200 /en/augmented-reality-real-estate/
200 /favicon.svg
200 /en/case-studies/costa-del-sol-villa/
200 /favicon.svg
200 /en/embed/villa/
200 /en/contact/
200 /favicon.svg
200 /en/cookie-policy/
200 /favicon.svg
200 /en/embed/villa/
200 /favicon.svg
200 /en/faq/
200 /favicon.svg
200 /en/floor-plan-to-3d-model/
200 /favicon.svg
200 /en/for-estate-agents/
200 /favicon.svg
200 /en/glossary/
200 /favicon.svg
200 /en/guides/
200 /favicon.svg
200 /en/guides/3d-floor-plan-cost-spain/
200 /favicon.svg
200 /en/guides/3d-model-vs-matterport/
200 /favicon.svg
200 /en/guides/3d-rendering-cost-spain/
200 /favicon.svg
200 /en/guides/ai-floor-plan-to-3d/
200 /favicon.svg
200 /en/guides/best-3d-visualisation-studios-spain/
200 /favicon.svg
200 /en/guides/view-property-in-ar/
200 /favicon.svg
200 /en/how-it-works/
200 /favicon.svg
200 /en/interactive-3d-floor-plans/
200 /favicon.svg
200 /en/embed/villa/
200 /en/legal-notice/
200 /favicon.svg
200 /en/off-plan-3d-visualisation/
200 /favicon.svg
200 /en/pricing/
200 /favicon.svg
200 /en/privacy-policy/
200 /favicon.svg
200 /en/real-estate-3d-rendering/
200 /favicon.svg
200 /en/services/
200 /favicon.svg
200 /en/thanks/
200 /favicon.svg
200 /en/virtual-staging/
200 /favicon.svg
200 /glosario/
200 /favicon.svg
200 /gracias/
200 /favicon.svg
200 /guias/
200 /favicon.svg
200 /guias/como-convertir-un-plano-2d-en-3d/
200 /favicon.svg
200 /guias/como-vender-viviendas-sobre-plano/
200 /favicon.svg
200 /guias/cuanto-cuesta-un-plano-3d/
200 /favicon.svg
200 /guias/cuanto-cuesta-un-render-3d/
200 /favicon.svg
200 /guias/ia-o-modelo-3d-real/
200 /favicon.svg
200 /guias/mejores-estudios-visualizacion-3d-espana/
200 /favicon.svg
200 /guias/modelo-3d-vs-matterport/
200 /favicon.svg
200 /guias/ver-una-vivienda-en-realidad-aumentada/
200 /favicon.svg
200 /politica-de-cookies/
200 /favicon.svg
200 /politica-de-privacidad/
200 /favicon.svg
200 /precios/
200 /favicon.svg
200 /preguntas-frecuentes/
200 /favicon.svg
200 /servicios/
200 /favicon.svg
200 /servicios/home-staging-virtual/
200 /favicon.svg
200 /servicios/plano-2d-a-3d/
200 /favicon.svg
200 /servicios/realidad-aumentada-inmobiliaria/
200 /favicon.svg
200 /servicios/renders-inmobiliarios/
200 /favicon.svg
200 /servicios/tour-virtual-3d/
200 /favicon.svg
200 /embed/villa/
200 /sobre-nosotros/
200 /favicon.svg
200 /soluciones/
200 /favicon.svg
200 /soluciones/alquiler-vacacional/
200 /favicon.svg
200 /soluciones/arquitectos-interioristas/
200 /favicon.svg
200 /soluciones/inmobiliarias/
200 /favicon.svg
200 /soluciones/promotoras-obra-nueva/
200 /favicon.svg
200 /zonas/
200 /favicon.svg
200 /zonas/costa-del-sol/
200 /favicon.svg
200 /zonas/malaga/
200 /favicon.svg
200 /zonas/marbella/
200 /favicon.svg
200 /
200 /favicon.svg
200 /
200 /favicon.svg
200 /
200 /favicon.svg
200 /
200 /favicon.svg
200 /
200 /favicon.svg
200 /servicios/plano-2d-a-3d/
200 /favicon.svg
200 /precios/
200 /favicon.svg
200 /
200 /favicon.svg
200 /servicios/plano-2d-a-3d/
200 /favicon.svg
200 /precios/
200 /favicon.svg
200 /
200 /favicon.svg
200 /servicios/plano-2d-a-3d/
200 /favicon.svg
200 /precios/
200 /favicon.svg
200 /contacto/
200 /favicon.svg
200 /preguntas-frecuentes/
200 /favicon.svg
200 /casos/villa-costa-del-sol/
200 /favicon.svg
200 /assets/img/villa_maqueta_iso-480.da6a3528.webp
200 /assets/img/villa_salon_dormitorio-480.7c8179f6.webp
200 /embed/villa/
200 /soluciones/promotoras-obra-nueva/
200 /favicon.svg
200 /zonas/marbella/
200 /favicon.svg
200 /como-funciona/
200 /favicon.svg
200 /servicios/
200 /favicon.svg
200 /soluciones/
200 /favicon.svg
200 /sobre-nosotros/
200 /favicon.svg
200 /servicios/realidad-aumentada-inmobiliaria/
200 /favicon.svg
200 /servicios/tour-virtual-3d/
200 /favicon.svg
200 /embed/villa/
200 /en/
200 /favicon.svg
200 /
200 /favicon.svg
200 /servicios/plano-2d-a-3d/
200 /favicon.svg
200 /precios/
200 /favicon.svg
200 /contacto/
200 /favicon.svg
200 /preguntas-frecuentes/
200 /favicon.svg
200 /casos/villa-costa-del-sol/
200 /favicon.svg
200 /embed/villa/
200 /soluciones/promotoras-obra-nueva/
200 /favicon.svg
200 /zonas/marbella/
200 /favicon.svg
200 /como-funciona/
200 /favicon.svg
200 /servicios/
200 /favicon.svg
200 /soluciones/
200 /favicon.svg
200 /sobre-nosotros/
200 /favicon.svg
200 /servicios/realidad-aumentada-inmobiliaria/
200 /favicon.svg
200 /servicios/tour-virtual-3d/
200 /favicon.svg
200 /embed/villa/
200 /en/
200 /favicon.svg
200 /
200 /favicon.svg
200 /servicios/plano-2d-a-3d/
200 /favicon.svg
200 /precios/
200 /favicon.svg
200 /contacto/
200 /favicon.svg
200 /preguntas-frecuentes/
200 /favicon.svg
200 /casos/villa-costa-del-sol/
200 /favicon.svg
200 /embed/villa/
200 /soluciones/promotoras-obra-nueva/
200 /favicon.svg
200 /zonas/marbella/
200 /favicon.svg
200 /como-funciona/
200 /favicon.svg
200 /servicios/
200 /favicon.svg
200 /soluciones/
200 /favicon.svg
200 /sobre-nosotros/
200 /favicon.svg
200 /servicios/realidad-aumentada-inmobiliaria/
200 /favicon.svg
200 /servicios/tour-virtual-3d/
200 /favicon.svg
200 /assets/img/villa_salon_dormitorio_opaco-2400.371c284b.avif
200 /embed/villa/
200 /en/
200 /favicon.svg
200 /
200 /favicon.svg
200 /assets/img/villa_plano_lineas-800.cf41aefb.avif
200 /assets/img/villa_planta_cenital-800.ba5451dd.avif
200 /assets/img/villa_interior_terraza-1200.0e2e6370.avif
200 /
200 /favicon.svg
200 /
200 /favicon.svg
200 /
200 /favicon.svg
200 /
200 /favicon.svg
200 /
200 /favicon.svg
200 /
200 /favicon.svg
200 /
200 /favicon.svg
200 /
200 /favicon.svg
200 /404.html
200 /assets/css/p.8c68bccb.css
200 /favicon.svg
200 /aviso-legal/
200 /assets/css/p.7948c001.css
200 /favicon.svg
200 /glosario/
200 /favicon.svg
200 /servicios/
200 /assets/css/p.c30045a3.css
200 /assets/img/villa_salon_dormitorio_opaco-1200.6a5209bd.avif
200 /assets/img/villa_dormitorios_opaco-800.3228cd78.avif
200 /assets/img/villa_bano_suite_opaco-800.604aadc9.avif
200 /favicon.svg
200 /assets/img/villa_interior_terraza-1200.0e2e6370.avif
200 /assets/img/villa_salon_dormitorio_opaco-800.f9620328.avif
200 /guias/
200 /assets/css/p.6c554d2c.css
200 /favicon.svg
200 /servicios/realidad-aumentada-inmobiliaria/
200 /assets/css/p.141a21f5.css
200 /favicon.svg
200 /sobre-nosotros/
200 /assets/css/p.673e88d2.css
200 /favicon.svg
200 /en/
200 /favicon.svg
200 /gracias/
200 /favicon.svg
200 /zonas/
200 /assets/css/p.56b58711.css
200 /favicon.svg
200 /como-funciona/
200 /favicon.svg
200 /
200 /favicon.svg
200 /
200 /favicon.svg
200 /
200 /favicon.svg
200 /404.html
200 /favicon.svg
200 /aviso-legal/
200 /favicon.svg
200 /casos/villa-costa-del-sol/
200 /favicon.svg
200 /como-funciona/
200 /favicon.svg
200 /contacto/
200 /favicon.svg
200 /en/
200 /favicon.svg
200 /en/3d-rendering-marbella/
200 /favicon.svg
200 /en/404.html
200 /favicon.svg
200 /en/about/
200 /favicon.svg
200 /en/augmented-reality-real-estate/
200 /favicon.svg
200 /en/case-studies/costa-del-sol-villa/
200 /favicon.svg
200 /en/contact/
200 /favicon.svg
200 /en/cookie-policy/
200 /favicon.svg
200 /en/faq/
200 /favicon.svg
200 /en/floor-plan-to-3d-model/
200 /favicon.svg
200 /en/for-estate-agents/
200 /favicon.svg
200 /en/glossary/
200 /favicon.svg
200 /en/guides/
200 /favicon.svg
200 /en/guides/3d-floor-plan-cost-spain/
200 /favicon.svg
200 /en/guides/3d-model-vs-matterport/
200 /favicon.svg
200 /en/guides/3d-rendering-cost-spain/
200 /favicon.svg
200 /en/guides/ai-floor-plan-to-3d/
200 /favicon.svg
200 /en/guides/best-3d-visualisation-studios-spain/
200 /favicon.svg
200 /en/guides/view-property-in-ar/
200 /favicon.svg
200 /en/how-it-works/
200 /en/interactive-3d-floor-plans/
200 /favicon.svg
200 /favicon.svg
200 /en/legal-notice/
200 /favicon.svg
200 /en/off-plan-3d-visualisation/
200 /favicon.svg
200 /en/pricing/
200 /favicon.svg
200 /en/privacy-policy/
200 /favicon.svg
200 /en/real-estate-3d-rendering/
200 /favicon.svg
200 /en/services/
200 /favicon.svg
200 /en/thanks/
200 /favicon.svg
200 /en/virtual-staging/
200 /favicon.svg
200 /glosario/
200 /favicon.svg
200 /gracias/
200 /favicon.svg
200 /guias/
200 /favicon.svg
200 /guias/como-convertir-un-plano-2d-en-3d/
200 /favicon.svg
200 /guias/como-vender-viviendas-sobre-plano/
200 /favicon.svg
200 /guias/cuanto-cuesta-un-plano-3d/
200 /favicon.svg
200 /guias/cuanto-cuesta-un-render-3d/
200 /favicon.svg
200 /guias/ia-o-modelo-3d-real/
200 /favicon.svg
200 /guias/mejores-estudios-visualizacion-3d-espana/
200 /favicon.svg
200 /guias/modelo-3d-vs-matterport/
200 /favicon.svg
200 /guias/ver-una-vivienda-en-realidad-aumentada/
200 /favicon.svg
200 /politica-de-cookies/
200 /favicon.svg
200 /politica-de-privacidad/
200 /favicon.svg
200 /precios/
200 /favicon.svg
200 /preguntas-frecuentes/
200 /favicon.svg
200 /servicios/
200 /favicon.svg
200 /servicios/home-staging-virtual/
200 /favicon.svg
200 /servicios/plano-2d-a-3d/
200 /favicon.svg
200 /servicios/realidad-aumentada-inmobiliaria/
200 /favicon.svg
200 /servicios/renders-inmobiliarios/
200 /favicon.svg
200 /servicios/tour-virtual-3d/
200 /favicon.svg
200 /sobre-nosotros/
200 /favicon.svg
200 /soluciones/
200 /favicon.svg
200 /soluciones/alquiler-vacacional/
200 /favicon.svg
200 /soluciones/arquitectos-interioristas/
200 /favicon.svg
200 /soluciones/inmobiliarias/
200 /favicon.svg
200 /soluciones/promotoras-obra-nueva/
200 /favicon.svg
200 /zonas/
200 /favicon.svg
200 /zonas/costa-del-sol/
200 /favicon.svg
200 /zonas/malaga/
200 /favicon.svg
200 /zonas/marbella/
200 /favicon.svg
200 /assets/img/villa_muros_completos_opaco-2400.11a4e9ba.avif
200 /assets/img/villa_interior_salon-2400.aee60655.avif
200 /
200 /favicon.svg
200 /assets/img/villa_interior_bano-1200.232ed8e6.avif
200 /assets/img/villa_interior_terraza-2400.86e3ed57.avif
200 /
200 /favicon.svg
200 /
200 /favicon.svg
200 /favicon.svg
200 /
200 /favicon.svg
200 /favicon.svg
200 /
200 /favicon.svg
200 /
200 /favicon.svg
200 /favicon.svg
200 /
200 /favicon.svg
200 /favicon.svg
200 /
200 /favicon.svg
200 /models/villa.glb
200 /
200 /assets/css/site.5148bb4b.css
200 /assets/fonts/archivo-var.3a36e1a9.woff2
200 /assets/css/p.feaf9805.css
200 /assets/js/viewer.aca166fa.js
200 /assets/hero/hero-plan-lines-700.59593016.webp
200 /site.webmanifest
200 /assets/js/theme.e3b7bfe7.js
200 /assets/js/main.69910e50.js
200 /assets/deco/paper-grain.fbc5bc38.png
200 /assets/fonts/geist-mono-var.cb42a6c6.woff2
200 /assets/img/villa_plano_lineas-800.cf41aefb.avif
200 /assets/img/villa_planta_cenital-800.ba5451dd.avif
200 /favicon.svg
200 /assets/js/hero.723ea4fc.js
200 /assets/css/herolive.cbec3554.css
200 /assets/hero/hero-geo.89bf9737.json
200 /assets/hero/m/hero-000.f6889a9e.webp
200 /assets/hero/m/hero-001.f6889a9e.webp
200 /assets/hero/m/hero-002.f6889a9e.webp
200 /assets/hero/m/hero-003.f6889a9e.webp
200 /assets/hero/m/hero-004.f6889a9e.webp
200 /assets/hero/m/hero-005.f6889a9e.webp
200 /assets/hero/m/hero-006.b74e223f.webp
200 /assets/hero/m/hero-007.5ed45dd7.webp
200 /assets/hero/m/hero-008.fb4bfe5e.webp
200 /assets/hero/m/hero-009.7a7bf51b.webp
200 /assets/hero/m/hero-010.909f24d7.webp
200 /assets/hero/m/hero-011.c078c1cb.webp
200 /assets/hero/m/hero-012.f591ea0c.webp
200 /assets/hero/m/hero-013.42aad892.webp
200 /assets/hero/m/hero-014.934d1fbe.webp
200 /assets/hero/m/hero-015.a8350ccc.webp
200 /assets/hero/m/hero-016.aeaae61a.webp
200 /assets/hero/m/hero-017.b4224c3d.webp
200 /assets/hero/m/hero-018.7fa95fff.webp
200 /assets/hero/m/hero-019.d8d010b6.webp
200 /assets/hero/m/hero-020.6519779d.webp
200 /assets/hero/m/hero-021.0caab137.webp
200 /assets/hero/m/hero-022.8ad5a77b.webp
200 /assets/hero/m/hero-023.6329e065.webp
200 /assets/hero/m/hero-024.34f14ae1.webp
200 /assets/hero/m/hero-025.d98ac313.webp
200 /assets/hero/m/hero-026.0c255382.webp
200 /assets/hero/m/hero-027.4adb5fb2.webp
200 /assets/hero/m/hero-028.700d9c8a.webp
200 /assets/hero/m/hero-029.04bc93cd.webp
200 /assets/hero/m/hero-030.12de48a2.webp
200 /assets/hero/m/hero-031.d1b8658d.webp
200 /assets/hero/m/hero-032.a0fea4fe.webp
200 /assets/hero/m/hero-033.e96f79d7.webp
200 /assets/hero/m/hero-034.960e8f0b.webp
200 /assets/hero/m/hero-035.c03d6fa2.webp
200 /assets/hero/m/hero-036.476f4c65.webp
200 /assets/hero/m/hero-037.faaa87c3.webp
200 /assets/hero/m/hero-038.e78e1b8c.webp
200 /assets/hero/m/hero-039.d56a8eb8.webp
200 /assets/hero/m/hero-040.fe7dcf0a.webp
200 /assets/hero/m/hero-041.2ba0211a.webp
200 /assets/hero/m/hero-042.86a512ab.webp
200 /assets/hero/m/hero-043.c6107f1d.webp
200 /assets/hero/m/hero-044.d110e096.webp
200 /assets/hero/m/hero-045.e33e87ec.webp
200 /assets/hero/m/hero-046.f0e68c4b.webp
200 /assets/hero/m/hero-047.21eb1669.webp
200 /assets/img/villa_maqueta_iso-800.860cde10.avif
200 /assets/deco/villa-axo-exploded.770054f8.svg
200 /assets/deco/villa-section-long.0a80cb9d.svg
200 /assets/img/villa_interior_salon-480.38a7e186.avif
200 /assets/img/villa_interior_terraza-480.7e3230e2.avif
200 /assets/img/villa_terraza-480.11333f52.avif
200 /assets/img/villa_dormitorios-480.86fa58bd.avif
200 /assets/img/villa_despiece_1-480.634c7948.avif
200 /assets/img/villa_despiece_3-480.50640225.avif
200 /assets/img/villa_viewer_poster_mobile-480.8d6c6cb3.avif
200 /assets/img/villa_despiece_2-480.912754f3.avif
200 /assets/img/villa_interior_dormitorio-480.4227ed44.avif
200 /assets/img/villa_interior_bano-480.3d977430.avif
200 /assets/img/villa_maqueta_iso_opaco-480.8499b071.avif
200 /assets/img/villa_terraza_opaco-480.a751c8eb.avif
200 /assets/img/villa_interior_terraza-800.5e690a80.avif
200 /assets/img/villa_muros_completos_opaco-480.f01b34b6.avif
200 /assets/img/villa_interior_dormitorio-800.c17eb98c.avif
200 /assets/img/villa_interior_salon-800.2651ae9a.avif
200 /assets/img/villa_terraza-800.970f158c.avif
200 /assets/img/villa_dormitorios-800.251dd608.avif
200 /assets/img/villa_despiece_1-800.1c786d49.avif
200 /assets/img/villa_despiece_2-800.45f6d048.avif
200 /assets/img/villa_despiece_3-800.12992ae9.avif
200 /assets/img/villa_viewer_poster_mobile-800.ea543b38.avif
200 /assets/img/villa_interior_bano-800.b35789d1.avif
200 /assets/img/villa_maqueta_iso_opaco-800.1f899447.avif
200 /assets/img/villa_muros_completos_opaco-800.96c2b9b9.avif
200 /assets/img/villa_terraza_opaco-800.c2798366.avif
200 /assets/img/villa_viewer_poster-800.9d8ff4de.avif
200 /
200 /assets/fonts/archivo-var.3a36e1a9.woff2
200 /assets/css/site.5148bb4b.css
200 /assets/css/p.feaf9805.css
200 /assets/js/viewer.aca166fa.js
200 /assets/hero/hero-plan-lines-700.59593016.webp
200 /site.webmanifest
200 /assets/js/theme.e3b7bfe7.js
200 /assets/js/main.69910e50.js
200 /assets/deco/paper-grain.fbc5bc38.png
200 /assets/fonts/geist-mono-var.cb42a6c6.woff2
200 /assets/img/villa_plano_lineas-800.cf41aefb.avif
200 /assets/img/villa_planta_cenital-800.ba5451dd.avif
200 /favicon.svg
200 /assets/js/hero.723ea4fc.js
200 /assets/css/herolive.cbec3554.css
200 /assets/hero/hero-geo.89bf9737.json
200 /assets/hero/m/hero-000.f6889a9e.webp
200 /assets/hero/m/hero-001.f6889a9e.webp
200 /assets/hero/m/hero-002.f6889a9e.webp
200 /assets/hero/m/hero-003.f6889a9e.webp
200 /assets/hero/m/hero-004.f6889a9e.webp
200 /assets/hero/m/hero-005.f6889a9e.webp
200 /assets/hero/m/hero-006.b74e223f.webp
200 /assets/hero/m/hero-007.5ed45dd7.webp
200 /assets/hero/m/hero-008.fb4bfe5e.webp
200 /assets/hero/m/hero-009.7a7bf51b.webp
200 /assets/hero/m/hero-010.909f24d7.webp
200 /assets/hero/m/hero-011.c078c1cb.webp
200 /assets/hero/m/hero-012.f591ea0c.webp
200 /assets/hero/m/hero-013.42aad892.webp
200 /assets/hero/m/hero-014.934d1fbe.webp
200 /assets/hero/m/hero-015.a8350ccc.webp
200 /assets/hero/m/hero-016.aeaae61a.webp
200 /assets/hero/m/hero-017.b4224c3d.webp
200 /assets/hero/m/hero-018.7fa95fff.webp
200 /assets/hero/m/hero-019.d8d010b6.webp
200 /assets/hero/m/hero-020.6519779d.webp
200 /assets/hero/m/hero-021.0caab137.webp
200 /assets/hero/m/hero-022.8ad5a77b.webp
200 /assets/hero/m/hero-023.6329e065.webp
200 /assets/hero/m/hero-024.34f14ae1.webp
200 /assets/hero/m/hero-025.d98ac313.webp
200 /assets/hero/m/hero-026.0c255382.webp
200 /assets/hero/m/hero-027.4adb5fb2.webp
200 /assets/hero/m/hero-028.700d9c8a.webp
200 /assets/hero/m/hero-029.04bc93cd.webp
200 /assets/hero/m/hero-030.12de48a2.webp
200 /assets/hero/m/hero-031.d1b8658d.webp
200 /assets/hero/m/hero-032.a0fea4fe.webp
200 /assets/hero/m/hero-033.e96f79d7.webp
200 /assets/hero/m/hero-034.960e8f0b.webp
200 /assets/hero/m/hero-035.c03d6fa2.webp
200 /assets/hero/m/hero-036.476f4c65.webp
200 /assets/hero/m/hero-037.faaa87c3.webp
200 /assets/hero/m/hero-038.e78e1b8c.webp
200 /assets/hero/m/hero-039.d56a8eb8.webp
200 /assets/hero/m/hero-040.fe7dcf0a.webp
200 /assets/hero/m/hero-041.2ba0211a.webp
200 /assets/hero/m/hero-042.86a512ab.webp
200 /assets/hero/m/hero-043.c6107f1d.webp
200 /assets/hero/m/hero-044.d110e096.webp
200 /assets/hero/m/hero-045.e33e87ec.webp
200 /assets/hero/m/hero-046.f0e68c4b.webp
200 /assets/hero/m/hero-047.21eb1669.webp
200 /assets/img/villa_maqueta_iso-800.860cde10.avif
200 /assets/deco/villa-axo-exploded.770054f8.svg
200 /assets/deco/villa-section-long.0a80cb9d.svg
200 /assets/img/villa_interior_salon-480.38a7e186.avif
200 /assets/img/villa_interior_terraza-480.7e3230e2.avif
200 /assets/img/villa_terraza-480.11333f52.avif
200 /assets/img/villa_dormitorios-480.86fa58bd.avif
200 /assets/img/villa_despiece_1-480.634c7948.avif
200 /assets/img/villa_despiece_2-480.912754f3.avif
200 /assets/img/villa_despiece_3-480.50640225.avif
200 /assets/img/villa_viewer_poster_mobile-480.8d6c6cb3.avif
200 /assets/img/villa_interior_dormitorio-480.4227ed44.avif
200 /assets/img/villa_interior_bano-480.3d977430.avif
200 /assets/img/villa_maqueta_iso_opaco-480.8499b071.avif
200 /assets/img/villa_muros_completos_opaco-480.f01b34b6.avif
200 /assets/img/villa_terraza_opaco-480.a751c8eb.avif
200 /assets/img/villa_interior_terraza-800.5e690a80.avif
200 /assets/img/villa_interior_dormitorio-800.c17eb98c.avif
200 /assets/img/villa_interior_salon-800.2651ae9a.avif
200 /assets/img/villa_terraza-800.970f158c.avif
200 /assets/img/villa_dormitorios-800.251dd608.avif
200 /assets/img/villa_despiece_1-800.1c786d49.avif
200 /assets/img/villa_despiece_2-800.45f6d048.avif
200 /assets/img/villa_despiece_3-800.12992ae9.avif
200 /assets/img/villa_viewer_poster_mobile-800.ea543b38.avif
200 /assets/img/villa_interior_bano-800.b35789d1.avif
200 /assets/img/villa_maqueta_iso_opaco-800.1f899447.avif
200 /assets/img/villa_muros_completos_opaco-800.96c2b9b9.avif
200 /assets/img/villa_terraza_opaco-800.c2798366.avif
200 /assets/img/villa_viewer_poster-800.9d8ff4de.avif
200 /
200 /favicon.svg
200 /servicios/plano-2d-a-3d/
200 /favicon.svg
200 /precios/
200 /favicon.svg
200 /
200 /favicon.svg
200 /servicios/plano-2d-a-3d/
200 /favicon.svg
200 /precios/
200 /favicon.svg
200 /
200 /favicon.svg
200 /servicios/plano-2d-a-3d/
200 /favicon.svg
200 /precios/
200 /favicon.svg
200 /
200 /favicon.svg
200 /
200 /favicon.svg
200 /
200 /favicon.svg
200 /assets/deco/villa-axo-exploded.770054f8.svg
200 /
200 /assets/fonts/archivo-var.3a36e1a9.woff2
200 /assets/css/site.5148bb4b.css
200 /assets/css/p.feaf9805.css
200 /assets/js/viewer.aca166fa.js
200 /assets/hero/hero-plan-lines-1400.e30a8ee0.webp
200 /site.webmanifest
200 /assets/js/theme.e3b7bfe7.js
200 /assets/js/main.69910e50.js
200 /assets/deco/villa-plan-lines.4e6afc48.svg
200 /assets/deco/paper-grain.fbc5bc38.png
200 /assets/fonts/geist-mono-var.cb42a6c6.woff2
200 /assets/img/villa_plano_lineas-480.27543283.avif
200 /assets/img/villa_planta_cenital-480.0f9a6cc3.avif
200 /favicon.svg
200 /assets/js/hero.723ea4fc.js
200 /assets/css/herolive.cbec3554.css
200 /assets/hero/hero-geo.89bf9737.json
200 /assets/hero/d/hero-000.e8efef85.webp
200 /assets/hero/d/hero-001.e8efef85.webp
200 /assets/hero/d/hero-002.e8efef85.webp
200 /assets/hero/d/hero-003.e8efef85.webp
200 /assets/hero/d/hero-004.e8efef85.webp
200 /assets/hero/d/hero-005.e8efef85.webp
200 /assets/hero/d/hero-006.daf02729.webp
200 /assets/hero/d/hero-007.4e2803f2.webp
200 /assets/hero/d/hero-008.43f07ac6.webp
200 /assets/hero/d/hero-009.322fa111.webp
200 /assets/hero/d/hero-010.2f488281.webp
200 /assets/hero/d/hero-011.9a54a1fc.webp
200 /assets/hero/d/hero-012.ed71368d.webp
200 /assets/hero/d/hero-013.5bdf9bce.webp
200 /assets/hero/d/hero-014.b7df1f71.webp
200 /assets/hero/d/hero-015.ad747381.webp
200 /assets/hero/d/hero-016.370a85e1.webp
200 /assets/hero/d/hero-017.222bb9ed.webp
200 /assets/hero/d/hero-018.51b8aba3.webp
200 /assets/hero/d/hero-019.a3d3d956.webp
200 /assets/hero/d/hero-020.2e055f08.webp
200 /assets/hero/d/hero-021.6a92e869.webp
200 /assets/hero/d/hero-022.068921dc.webp
200 /assets/hero/d/hero-023.2add95fb.webp
200 /assets/hero/d/hero-024.a94efa0e.webp
200 /assets/hero/d/hero-025.5ed81176.webp
200 /assets/hero/d/hero-026.13dd500f.webp
200 /assets/hero/d/hero-027.5b635a86.webp
200 /assets/hero/d/hero-028.300982ee.webp
200 /assets/hero/d/hero-029.ea1cbce5.webp
200 /assets/hero/d/hero-030.eadfd506.webp
200 /assets/hero/d/hero-031.1c9b5032.webp
200 /assets/hero/d/hero-032.121b70c8.webp
200 /assets/hero/d/hero-033.70dc282f.webp
200 /assets/hero/d/hero-034.2041496a.webp
200 /assets/hero/d/hero-035.1b6426b3.webp
200 /assets/hero/d/hero-036.4788c25a.webp
200 /assets/hero/d/hero-037.09a9b62c.webp
200 /assets/hero/d/hero-038.e37bcddf.webp
200 /assets/hero/d/hero-039.f8b515e6.webp
200 /assets/hero/d/hero-040.c18dba4e.webp
200 /assets/hero/d/hero-041.0d6fcd1a.webp
200 /assets/hero/d/hero-042.419b3ce4.webp
200 /assets/hero/d/hero-043.e6e1b84b.webp
200 /assets/hero/d/hero-044.c94a9f76.webp
200 /assets/hero/d/hero-045.2ad42b82.webp
200 /assets/hero/d/hero-046.638cdafc.webp
200 /assets/hero/d/hero-047.c692c141.webp
200 /assets/img/villa_maqueta_iso-1200.db67a2f9.avif
200 /assets/deco/villa-axo-exploded.770054f8.svg
200 /assets/deco/villa-section-long.0a80cb9d.svg
200 /robots.txt
200 /assets/img/villa_interior_salon-1600.1b5c171b.avif
200 /assets/img/villa_interior_terraza-480.7e3230e2.avif
200 /assets/img/villa_maqueta_iso-800.860cde10.avif
200 /assets/hero/hero-plan-lines-700.59593016.webp
200 /assets/img/villa_plano_lineas-800.cf41aefb.avif
200 /assets/img/villa_planta_cenital-800.ba5451dd.avif
200 /assets/img/villa_interior_salon-800.2651ae9a.avif
200 /assets/img/villa_interior_terraza-800.5e690a80.avif
200 /
200 /favicon.svg
